---
source: crates/pcb/tests/bom.rs
expression: output
---
Command: pcb bom boards/SimpleResistors.zen -r bom_rules.json -f table
Exit Code: 0

--- STDOUT ---
┌─────────────┬─────────────────┬──────────────┬─────────┬─────────────┬─────────────┬─────┐
│ Designators ┆ MPN             ┆ Manufacturer ┆ Package ┆ Description ┆ Distributor ┆ DNP │
╞═════════════╪═════════════════╪══════════════╪═════════╪═════════════╪═════════════╪═════╡
│ R1,R2       ┆ RC0603FR-071KL  ┆ Yageo        ┆ 0603    ┆ 1k          ┆ digikey     ┆ No  │
│ R3          ┆ RC0402FR-074K7L ┆ Yageo        ┆ 0402    ┆ 4.7k        ┆ digikey     ┆ No  │
└─────────────┴─────────────────┴──────────────┴─────────┴─────────────┴─────────────┴─────┘
--- STDERR ---
