---
source: crates/pcb/tests/build.rs
expression: output
---
Command: pcb build test.zen
Exit Code: 0

--- STDOUT ---

--- STDERR ---
Warning: This should not be suppressed
   ╭─[ <TEMP_DIR>/test.zen:4:1 ]
 4 │warn("This should not be suppressed", kind="bom.match_generic")
   │                               ╰──────────────────────────────── This should not be suppressed

Suppressed 1 warning
✓ test.zen (0 components)
