---
source: crates/pcb/tests/info.rs
expression: output
---
Command: pcb info -f json
Exit Code: 0

--- STDOUT ---
{
  "root": "<TEMP_DIR>",
  "config": {
    "workspace": {
      "name": "BoardDiscoveryTest",
      "members": [
        "boards/*",
        "special/custom-board"
      ],
      "default_board": "TestBoard"
    },
    "packages": {
      "stdlib": "@github/diodeinc/stdlib:v1.0.0"
    }
  },
  "packages": {
    "boards/main-board": {
      "rel_path": "boards/main-board",
      "config": {
        "board": {
          "name": "MainBoard",
          "path": "main_board.zen"
        }
      }
    },
    "boards/test-board": {
      "rel_path": "boards/test-board",
      "config": {
        "board": {
          "name": "TestBoard",
          "path": "test_board.zen",
          "description": "Main test board for validation"
        }
      }
    }
  }
}
--- STDERR ---
