---
source: crates/pcb/tests/path.rs
expression: "sb.snapshot_run(\"pcb\", [\"build\", \"boards/LocalPathTest.zen\"])"
---
Command: pcb build boards/LocalPathTest.zen
Exit Code: 0

--- STDOUT ---

--- STDERR ---
Existing file: <TEMP_DIR>/boards/existing.toml
Nonexistent file: <TEMP_DIR>/boards/missing.toml
Existing directory: <TEMP_DIR>/config
Nonexistent directory: <TEMP_DIR>/boards/missing_dir
Warning: Path 'build/LocalPathTest' does not exist
   ╭─[ <TEMP_DIR>/boards/LocalPathTest.zen:3:29 ]
 3 │add_property("layout_path", Path("build/LocalPathTest", allow_not_exist=True))
   │                                                    ╰───────────────────────── Path 'build/LocalPathTest' does not exist

Warning: Path 'missing.toml' does not exist
   ╭─[ <TEMP_DIR>/boards/LocalPathTest.zen:6:20 ]
 6 │nonexistent_file = Path("missing.toml", allow_not_exist=True)
   │                                        ╰───────────────────── Path 'missing.toml' does not exist

Warning: Path 'missing_dir' does not exist
   ╭─[ <TEMP_DIR>/boards/LocalPathTest.zen:8:19 ]
 8 │nonexistent_dir = Path("missing_dir", allow_not_exist=True)
   │                                      ╰───────────────────── Path 'missing_dir' does not exist

✓ LocalPathTest.zen (0 components)
