---
source: crates/pcb/tests/simple.rs
assertion_line: 318
expression: snapshot
---
--- online ---
Command: pcb build boards/B/B.zen
Exit Code: 0

--- STDOUT ---

--- STDERR ---
✓ B.zen (2 components)
--- offline ---
Command: pcb build boards/B/B.zen --offline
Exit Code: 0

--- STDOUT ---

--- STDERR ---
✓ B.zen (2 components)
--- pcb.sum dep lines ---
github.com/mycompany/components/SimpleResistor <SELECTED_PSEUDO_VERSION> h1:GrqnLkn0qNOSUNG3SdhjhQxVM0DSd41BfEnDaprDvLU=
github.com/mycompany/components/SimpleResistor <SELECTED_PSEUDO_VERSION>/pcb.toml h1:E3ma1g4h68BKGUerKwVIXkTssUyU3/mOx4I3AVS1nRA=
