---
source: crates/pcb/tests/tag.rs
expression: output
---
Command: pcb tag -v 1.2.0 -b TB0001 -S layout.drc.invalid_outline
Exit Code: 0

--- STDOUT ---

--- STDERR ---
✓ Checking tag doesn't exist
✓ Release information gathered
✓ Copying source files and dependencies
✓ Validating build from staged sources
✓ Copying layout files
✓ Generating board config
✓ Copying documentation
✓ Substituting version variables

┌───────────────────────────────────────────────────────────┐
│ Category          Errors (excluded)   Warnings (excluded) │
╞═══════════════════════════════════════════════════════════╡
│ invalid_outline   (1)                 -                   │
│ Total             (1)                 -                   │
└───────────────────────────────────────────────────────────┘
✓ Running KiCad DRC checks
✓ Generating fabrication drawing
✓ Generating design BOM
✓ Generating gerber files
✓ Generating pick-and-place file
✓ Generating assembly drawings
✓ Generating ODB++ files
✓ Generating IPC-2581 file
✓ Generating STEP model
✓ Generating VRML model
✓ Generating GLB model
✓ Generating SVG rendering
✓ Writing release metadata
✓ Creating release archive
✓ Release <COMMIT_HASH> staged successfully
✓ Creating git tag
✓ Tag TB0001/v1.2.0 created successfully
