---
source: crates/pcb/tests/tag.rs
expression: output
---
Command: pcb tag -v 1.0.0 -b TB0001 -S layout.drc.invalid_outline
Exit Code: 0

--- STDOUT ---

--- STDERR ---
✓ Checking tag doesn't exist
✓ Release information gathered (V2)
✓ Copying source files and dependencies
✓ Generating netlist from staged sources
✓ Generating board config
✓ Substituting version variables

┌──────────────────────────────────────────────────────────────────────┐
│ Category                     Errors (excluded)   Warnings (excluded) │
╞══════════════════════════════════════════════════════════════════════╡
│ layout.drc.invalid_outline   (1)                 -                   │
│ Total                        (1)                 -                   │
└──────────────────────────────────────────────────────────────────────┘
✓ Running KiCad DRC checks
✓ Generating design BOM
✓ Generating gerber files
✓ Generating pick-and-place file
✓ Generating assembly drawings
✓ Generating ODB++ files
✓ Generating IPC-2581 file
✓ Generating STEP model
✓ Generating VRML model
✓ Generating GLB model
✓ Generating SVG rendering
✓ Writing release metadata
✓ Creating release archive
✓ Release <COMMIT_HASH> staged successfully
✓ Creating git tag
✓ Tag boards/Test/v1.0.0 created successfully
