---
source: crates/pcb-zen/tests/input.rs
expression: snapshot_output
---
(export (version "E")
  (design
    (source "unknown")
    (date "")
    (tool "pcb"))
  (components
  )
  (libparts
  )
  (nets
    (net (code "1") (name "PDM_clock")
    )
    (net (code "2") (name "PDM_data")
    )
    (net (code "3") (name "PDM_power")
    )
    (net (code "4") (name "PDM_select")
    )
  )
)
Advice: [TEMP_DIR]sub.zen Net name 'pdm_power' should be UPPERCASE: 'PDM_POWER'
  in [TEMP_DIR]top.zen:7:1-29 Issue in `sub`

Advice: [TEMP_DIR]sub.zen Net name 'pdm_data' should be UPPERCASE: 'PDM_DATA'
  in [TEMP_DIR]top.zen:7:1-29 Issue in `sub`

Advice: [TEMP_DIR]sub.zen Net name 'pdm_select' should be UPPERCASE: 'PDM_SELECT'
  in [TEMP_DIR]top.zen:7:1-29 Issue in `sub`

Advice: [TEMP_DIR]sub.zen Net name 'pdm_clock' should be UPPERCASE: 'PDM_CLOCK'
  in [TEMP_DIR]top.zen:7:1-29 Issue in `sub`

Advice: io() parameter 'pdm' should be UPPERCASE: 'PDM'
   ╭─[ [TEMP_DIR]sub.zen:5:7 ]
 5 │pdm = io("pdm", PdmMic)
   │              ╰───────── io() parameter 'pdm' should be UPPERCASE: 'PDM'
   ├─[ [TEMP_DIR]top.zen:7:1 ]
 7 │Sub(name = "sub", pdm = pdm)
   │              ╰────────────── Issue in `sub`

Advice: [TEMP_DIR]top.zen Net name 'PDM_power' should be UPPERCASE: 'PDM_POWER'

Advice: [TEMP_DIR]top.zen Net name 'PDM_data' should be UPPERCASE: 'PDM_DATA'

Advice: [TEMP_DIR]top.zen Net name 'PDM_select' should be UPPERCASE: 'PDM_SELECT'

Advice: [TEMP_DIR]top.zen Net name 'PDM_clock' should be UPPERCASE: 'PDM_CLOCK'
