---
source: crates/pcb-zen/tests/kicad_inference_snapshot.rs
assertion_line: 27
expression: snapshot_output
---
(export (version "E")
  (design
    (source "unknown")
    (date "")
    (tool "pcb"))
  (components
    (comp (ref "U1")
      (value "?")
      (footprint "SOIC-8_3.9x4.9mm_P1.27mm:SOIC-8_3.9x4.9mm_P1.27mm")
      (libsource (lib "lib") (part "?") (description "unknown"))
      (sheetpath (names "U1") (tstamps "bb9170a7-68d4-539c-bed9-f036cbc8d7db"))
      (tstamps "bb9170a7-68d4-539c-bed9-f036cbc8d7db")
      (property (name "Reference") (value "U1"))
      (property (name "datasheet") (value "http://www.ti.com/lit/ds/symlink/ina240.pdf"))
      (property (name "description") (value "High- and Low-Side, Bidirectional, Zero-Drift, Current-Sense Amplifier With Enhanced PWM Rejection, 20V/V, SOIC-8"))
    )
  )
  (libparts
    (libpart (lib "lib") (part "?")
      (description "")
      (docs "~")
      (footprints
        (fp "*"))
      (pins
        (pin (num "1") (name "-") (type "stereo"))
        (pin (num "2") (name "GND") (type "stereo"))
        (pin (num "3") (name "REF2") (type "stereo"))
        (pin (num "4") (name "GND") (type "stereo"))
        (pin (num "5") (name "5") (type "stereo"))
        (pin (num "6") (name "V+") (type "stereo"))
        (pin (num "7") (name "REF1") (type "stereo"))
        (pin (num "8") (name "+") (type "stereo"))
      )
    )
  )
  (nets
    (net (code "1") (name "GND")
      (node (ref "U1") (pin "2") (pintype "stereo"))
      (node (ref "U1") (pin "4") (pintype "stereo"))
    )
    (net (code "2") (name "INN")
      (node (ref "U1") (pin "1") (pintype "stereo"))
    )
    (net (code "3") (name "INP")
      (node (ref "U1") (pin "8") (pintype "stereo"))
    )
    (net (code "4") (name "OUT")
      (node (ref "U1") (pin "5") (pintype "stereo"))
    )
    (net (code "5") (name "R1")
      (node (ref "U1") (pin "7") (pintype "stereo"))
    )
    (net (code "6") (name "R2")
      (node (ref "U1") (pin "3") (pintype "stereo"))
    )
    (net (code "7") (name "VP")
      (node (ref "U1") (pin "6") (pintype "stereo"))
    )
  )
)
