---
source: crates/pcb-zen/tests/test.rs
assertion_line: 178
expression: snapshot_output
---
(export (version "E")
  (design
    (source "unknown")
    (date "")
    (tool "pcb"))
  (components
    (comp (ref "U1")
      (value "TEST")
      (footprint "SMD:0805")
      (libsource (lib "lib") (part "TEST") (description "unknown"))
      (sheetpath (names "MyModule.MyComponent.Component") (tstamps "88868ff1-5bd1-55c8-8857-a9182b7af4bf"))
      (tstamps "88868ff1-5bd1-55c8-8857-a9182b7af4bf")
      (property (name "Reference") (value "U1"))
      (property (name "manufacturer") (value "TEST"))
      (property (name "part") (value "{\"manufacturer\":\"TEST\",\"mpn\":\"TEST\",\"qualifications\":[]}"))
    )
  )
  (libparts
    (libpart (lib "lib") (part "TEST")
      (description "")
      (docs "~")
      (footprints
        (fp "*"))
      (pins
        (pin (num "1") (name "P1") (type "stereo"))
        (pin (num "2") (name "P2") (type "stereo"))
      )
    )
  )
  (nets
    (net (code "1") (name "MyModule.MyComponent.P1")
      (node (ref "U1") (pin "1") (pintype "stereo"))
    )
    (net (code "2") (name "MyModule.MyComponent.P2")
      (node (ref "U1") (pin "2") (pintype "stereo"))
    )
  )
)
