---
source: crates/pcb-zen-core/tests/component.rs
expression: output
---
{
    <root>: Module {
        path: <root>,
        source: "test.zen",
        children: [
            FrozenValue(
                Component {
                    name: "test_comp",
                    footprint: "test_footprint",
                    prefix: "U",
                    connections: {
                        "GND": FrozenValue(
                            Net {
                                name: "GND",
                                id: "<ID>",
                            },
                        ),
                        "VCC": FrozenValue(
                            Net {
                                name: "VCC",
                                id: "<ID>",
                            },
                        ),
                    },
                    properties: {
                        "symbol_name": FrozenValue(
                            "TestSymbol",
                        ),
                    },
                    symbol: FrozenValue(
                        Symbol {
                            name: Some(
                                "TestSymbol",
                            ),
                            source_uri: "package://test/test_symbol.kicad_sym",
                            pins: {
                                "1": "VCC",
                                "2": "GND",
                            },
                            properties: {
                                "Manufacturer_Name": "ACME Corp",
                                "Reference": "U",
                            },
                        },
                    ),
                },
            ),
        ],
    },
}
[]
