---
source: crates/pcb-zen-core/tests/component.rs
expression: output
---
After modifier - MPN: ASSIGNED_MPN
After modifier - Manufacturer: ACME
Module {
    name: "<root>",
    source: "test.zen",
    children: [
        FrozenValue(
            Component {
                name: "R1",
                mpn: "ASSIGNED_MPN",
                manufacturer: "ACME",
                footprint: "0603",
                prefix: "U",
                connections: {
                    "1": FrozenValue(
                        Net {
                            name: "A",
                            id: "<ID>",
                        },
                    ),
                    "2": FrozenValue(
                        Net {
                            name: "B",
                            id: "<ID>",
                        },
                    ),
                },
                properties: {
                    "__resistance__": FrozenValue(
                        PhysicalValue {
                            value: 10000,
                            tolerance: 0,
                            unit: PhysicalUnitDims {
                                current: -1,
                                time: 0,
                                voltage: 1,
                                temp: 0,
                            },
                        },
                    ),
                    "resistance": FrozenValue(
                        "10k",
                    ),
                },
                symbol: FrozenValue(
                    Symbol {
                        name: None,
                        pins: {
                            "1": "1",
                            "2": "2",
                        },
                    },
                ),
            },
        ),
    ],
}
[]
