---
source: crates/pcb-zen-core/tests/input.rs
expression: output
---
Module {
    name: "<root>",
    source: "test.zen",
    children: [
        FrozenValue(
            Component {
                name: "test",
                type: "test_component",
                footprint: "TEST:FP",
                prefix: "U",
                connections: {
                    "1": FrozenValue(
                        Net {
                            name: "TEST",
                            id: "<ID>",
                            symbol: FrozenValue(
                                NoneType,
                            ),
                        },
                    ),
                },
                symbol: FrozenValue(
                    Symbol {
                        name: None,
                        pins: {
                            "1": "1",
                        },
                    },
                ),
            },
        ),
    ],
}
[
    ParameterInfo {
        name: "str_config",
        type_info: String,
        required: true,
        default_value: None,
        help: None,
    },
    ParameterInfo {
        name: "int_config",
        type_info: Int,
        required: true,
        default_value: None,
        help: None,
    },
    ParameterInfo {
        name: "float_config",
        type_info: Float,
        required: true,
        default_value: None,
        help: None,
    },
    ParameterInfo {
        name: "bool_config",
        type_info: Bool,
        required: true,
        default_value: None,
        help: None,
    },
    ParameterInfo {
        name: "opt_str",
        type_info: String,
        required: false,
        default_value: Some(
            String("default_value"),
        ),
        help: None,
    },
    ParameterInfo {
        name: "opt_int",
        type_info: Int,
        required: false,
        default_value: Some(
            Number(42),
        ),
        help: None,
    },
    ParameterInfo {
        name: "opt_float",
        type_info: Float,
        required: false,
        default_value: Some(
            Number(3.14),
        ),
        help: None,
    },
    ParameterInfo {
        name: "opt_bool",
        type_info: Bool,
        required: false,
        default_value: Some(
            Bool(true),
        ),
        help: None,
    },
    ParameterInfo {
        name: "opt_no_default",
        type_info: String,
        required: false,
        default_value: None,
        help: None,
    },
    ParameterInfo {
        name: "net_io",
        type_info: Net,
        required: true,
        default_value: Some(
            Object {
                "name": String("net_io"),
                "net_id": Number(1),
                "original_name": Null,
                "properties": Object {},
                "symbol": Null,
                "type_name": String("Net"),
            },
        ),
        help: None,
    },
    ParameterInfo {
        name: "opt_net_io",
        type_info: Net,
        required: false,
        default_value: Some(
            Object {
                "name": String("opt_net_io"),
                "net_id": Number(2),
                "original_name": Null,
                "properties": Object {},
                "symbol": Null,
                "type_name": String("Net"),
            },
        ),
        help: None,
    },
    ParameterInfo {
        name: "power_io",
        type_info: Interface {
            name: "Power",
            pins: [
                (
                    "vcc",
                    Net,
                ),
                (
                    "gnd",
                    Net,
                ),
            ],
        },
        required: true,
        default_value: Some(
            Object {
                "fields": Object {
                    "gnd": Object {
                        "name": String("power_io_gnd"),
                        "net_id": Number(4),
                        "original_name": Null,
                        "properties": Object {},
                        "symbol": Null,
                        "type_name": String("Net"),
                    },
                    "vcc": Object {
                        "name": String("power_io_vcc"),
                        "net_id": Number(3),
                        "original_name": Null,
                        "properties": Object {},
                        "symbol": Null,
                        "type_name": String("Net"),
                    },
                },
                "promotion_by_type": Object {
                    "Power": String(""),
                },
            },
        ),
        help: None,
    },
    ParameterInfo {
        name: "opt_power_io",
        type_info: Interface {
            name: "Power",
            pins: [
                (
                    "vcc",
                    Net,
                ),
                (
                    "gnd",
                    Net,
                ),
            ],
        },
        required: false,
        default_value: Some(
            Object {
                "fields": Object {
                    "gnd": Object {
                        "name": String("opt_power_io_gnd"),
                        "net_id": Number(6),
                        "original_name": Null,
                        "properties": Object {},
                        "symbol": Null,
                        "type_name": String("Net"),
                    },
                    "vcc": Object {
                        "name": String("opt_power_io_vcc"),
                        "net_id": Number(5),
                        "original_name": Null,
                        "properties": Object {},
                        "symbol": Null,
                        "type_name": String("Net"),
                    },
                },
                "promotion_by_type": Object {
                    "Power": String(""),
                },
            },
        ),
        help: None,
    },
    ParameterInfo {
        name: "bus_io",
        type_info: Interface {
            name: "DataBus",
            pins: [
                (
                    "data",
                    Net,
                ),
                (
                    "clock",
                    Net,
                ),
                (
                    "enable",
                    Net,
                ),
            ],
        },
        required: true,
        default_value: Some(
            Object {
                "fields": Object {
                    "clock": Object {
                        "name": String("bus_io_clock"),
                        "net_id": Number(8),
                        "original_name": Null,
                        "properties": Object {},
                        "symbol": Null,
                        "type_name": String("Net"),
                    },
                    "data": Object {
                        "name": String("bus_io_data"),
                        "net_id": Number(7),
                        "original_name": Null,
                        "properties": Object {},
                        "symbol": Null,
                        "type_name": String("Net"),
                    },
                    "enable": Object {
                        "name": String("bus_io_enable"),
                        "net_id": Number(9),
                        "original_name": Null,
                        "properties": Object {},
                        "symbol": Null,
                        "type_name": String("Net"),
                    },
                },
                "promotion_by_type": Object {
                    "DataBus": String(""),
                },
            },
        ),
        help: None,
    },
    ParameterInfo {
        name: "system_io",
        type_info: Interface {
            name: "System",
            pins: [
                (
                    "power",
                    Interface {
                        name: "Power",
                        pins: [
                            (
                                "vcc",
                                Net,
                            ),
                            (
                                "gnd",
                                Net,
                            ),
                        ],
                    },
                ),
                (
                    "bus",
                    Interface {
                        name: "DataBus",
                        pins: [
                            (
                                "data",
                                Net,
                            ),
                            (
                                "clock",
                                Net,
                            ),
                            (
                                "enable",
                                Net,
                            ),
                        ],
                    },
                ),
                (
                    "reset",
                    Net,
                ),
            ],
        },
        required: true,
        default_value: Some(
            Object {
                "fields": Object {
                    "bus": Object {
                        "fields": Object {
                            "clock": Object {
                                "name": String("system_io_bus_clock"),
                                "net_id": Number(13),
                                "original_name": Null,
                                "properties": Object {},
                                "symbol": Null,
                                "type_name": String("Net"),
                            },
                            "data": Object {
                                "name": String("system_io_bus_data"),
                                "net_id": Number(12),
                                "original_name": Null,
                                "properties": Object {},
                                "symbol": Null,
                                "type_name": String("Net"),
                            },
                            "enable": Object {
                                "name": String("system_io_bus_enable"),
                                "net_id": Number(14),
                                "original_name": Null,
                                "properties": Object {},
                                "symbol": Null,
                                "type_name": String("Net"),
                            },
                        },
                        "promotion_by_type": Object {
                            "DataBus": String(""),
                        },
                    },
                    "power": Object {
                        "fields": Object {
                            "gnd": Object {
                                "name": String("system_io_power_gnd"),
                                "net_id": Number(11),
                                "original_name": Null,
                                "properties": Object {},
                                "symbol": Null,
                                "type_name": String("Net"),
                            },
                            "vcc": Object {
                                "name": String("system_io_power_vcc"),
                                "net_id": Number(10),
                                "original_name": Null,
                                "properties": Object {},
                                "symbol": Null,
                                "type_name": String("Net"),
                            },
                        },
                        "promotion_by_type": Object {
                            "Power": String(""),
                        },
                    },
                    "reset": Object {
                        "name": String("system_io_reset"),
                        "net_id": Number(15),
                        "original_name": Null,
                        "properties": Object {},
                        "symbol": Null,
                        "type_name": String("Net"),
                    },
                },
                "promotion_by_type": Object {
                    "System": String(""),
                },
            },
        ),
        help: None,
    },
]
