---
source: crates/pcb-zen-core/tests/net.rs
expression: output
---
Warning: test.zen:2:9-28 Warning from `child.zen`
Warning: /child.zen:4:8-18 Net 'SIG' was renamed to 'SIG_2' due to name collision
Warning: test.zen:3:1-23 Warning from `child`
Warning: /child.zen:4:8-18 Net 'SIG' was renamed to 'SIG_2' due to name collision
{
    <root>: Module {
        path: <root>,
        source: "test.zen",
    },
    child1: Module {
        path: child1,
        source: "/child.zen",
    },
}
[]

