---
source: crates/pcb-zen-core/tests/spice_model.rs
expression: output
---
Module {
    name: "<root>",
    source: "test.zen",
}
[
    ParameterInfo {
        name: "P1",
        type_info: Net,
        required: true,
        default_value: Some(
            Object {
                "name": String("P1"),
                "net_id": Number(1),
                "original_name": Null,
                "properties": Object {},
                "type_name": String("Net"),
            },
        ),
        help: None,
    },
    ParameterInfo {
        name: "P2",
        type_info: Net,
        required: true,
        default_value: Some(
            Object {
                "name": String("P2"),
                "net_id": Number(2),
                "original_name": Null,
                "properties": Object {},
                "type_name": String("Net"),
            },
        ),
        help: None,
    },
]
