---
source: crates/pcb-layout/tests/layout_generation.rs
expression: content
---
{
  "footprints": [
    {
      "dnp": false,
      "exclude_from_bom": false,
      "exclude_from_pos_files": false,
      "footprint": "C_0402_1005Metric:C_0402_1005Metric",
      "graphical_items": [
        {
          "angle": null,
          "end": null,
          "layer": "F.Fab",
          "position": {
            "x": 146995000,
            "y": 103975000
          },
          "shape": null,
          "start": null,
          "text": "${REFERENCE}",
          "type": "PCB_TEXT",
          "width": null
        },
        {
          "angle": null,
          "end": {
            "x": 146085000,
            "y": 103515000
          },
          "layer": "F.Courtyard",
          "position": {
            "x": 146085000,
            "y": 104435000
          },
          "shape": 0,
          "start": {
            "x": 146085000,
            "y": 104435000
          },
          "text": null,
          "type": "PCB_SHAPE",
          "width": 50000
        },
        {
          "angle": null,
          "end": {
            "x": 146085000,
            "y": 104435000
          },
          "layer": "F.Courtyard",
          "position": {
            "x": 147905000,
            "y": 104435000
          },
          "shape": 0,
          "start": {
            "x": 147905000,
            "y": 104435000
          },
          "text": null,
          "type": "PCB_SHAPE",
          "width": 50000
        },
        {
          "angle": null,
          "end": {
            "x": 146495000,
            "y": 103725000
          },
          "layer": "F.Fab",
          "position": {
            "x": 146495000,
            "y": 104225000
          },
          "shape": 0,
          "start": {
            "x": 146495000,
            "y": 104225000
          },
          "text": null,
          "type": "PCB_SHAPE",
          "width": 100000
        },
        {
          "angle": null,
          "end": {
            "x": 146495000,
            "y": 104225000
          },
          "layer": "F.Fab",
          "position": {
            "x": 147495000,
            "y": 104225000
          },
          "shape": 0,
          "start": {
            "x": 147495000,
            "y": 104225000
          },
          "text": null,
          "type": "PCB_SHAPE",
          "width": 100000
        },
        {
          "angle": null,
          "end": {
            "x": 147102836,
            "y": 103615000
          },
          "layer": "F.Silkscreen",
          "position": {
            "x": 146887164,
            "y": 103615000
          },
          "shape": 0,
          "start": {
            "x": 146887164,
            "y": 103615000
          },
          "text": null,
          "type": "PCB_SHAPE",
          "width": 120000
        },
        {
          "angle": null,
          "end": {
            "x": 147102836,
            "y": 104335000
          },
          "layer": "F.Silkscreen",
          "position": {
            "x": 146887164,
            "y": 104335000
          },
          "shape": 0,
          "start": {
            "x": 146887164,
            "y": 104335000
          },
          "text": null,
          "type": "PCB_SHAPE",
          "width": 120000
        },
        {
          "angle": null,
          "end": {
            "x": 147495000,
            "y": 103725000
          },
          "layer": "F.Fab",
          "position": {
            "x": 146495000,
            "y": 103725000
          },
          "shape": 0,
          "start": {
            "x": 146495000,
            "y": 103725000
          },
          "text": null,
          "type": "PCB_SHAPE",
          "width": 100000
        },
        {
          "angle": null,
          "end": {
            "x": 147495000,
            "y": 104225000
          },
          "layer": "F.Fab",
          "position": {
            "x": 147495000,
            "y": 103725000
          },
          "shape": 0,
          "start": {
            "x": 147495000,
            "y": 103725000
          },
          "text": null,
          "type": "PCB_SHAPE",
          "width": 100000
        },
        {
          "angle": null,
          "end": {
            "x": 147905000,
            "y": 103515000
          },
          "layer": "F.Courtyard",
          "position": {
            "x": 146085000,
            "y": 103515000
          },
          "shape": 0,
          "start": {
            "x": 146085000,
            "y": 103515000
          },
          "text": null,
          "type": "PCB_SHAPE",
          "width": 50000
        },
        {
          "angle": null,
          "end": {
            "x": 147905000,
            "y": 104435000
          },
          "layer": "F.Courtyard",
          "position": {
            "x": 147905000,
            "y": 103515000
          },
          "shape": 0,
          "start": {
            "x": 147905000,
            "y": 103515000
          },
          "text": null,
          "type": "PCB_SHAPE",
          "width": 50000
        }
      ],
      "group": "MODULE2",
      "layer": "F.Cu",
      "locked": false,
      "orientation": 0.0,
      "pads": [
        {
          "layer": "F.Cu",
          "name": "1",
          "position": {
            "x": 146515000,
            "y": 103975000
          }
        },
        {
          "layer": "F.Cu",
          "name": "2",
          "position": {
            "x": 147475000,
            "y": 103975000
          }
        }
      ],
      "position": {
        "x": 146995000,
        "y": 103975000
      },
      "reference": "C3",
      "uuid": "ef130123-aa9a-5a2c-83ea-87b77fda62a6",
      "value": "0F"
    },
    {
      "dnp": false,
      "exclude_from_bom": false,
      "exclude_from_pos_files": false,
      "footprint": "C_0402_1005Metric:C_0402_1005Metric",
      "graphical_items": [
        {
          "angle": null,
          "end": null,
          "layer": "F.Fab",
          "position": {
            "x": 146995000,
            "y": 106995000
          },
          "shape": null,
          "start": null,
          "text": "${REFERENCE}",
          "type": "PCB_TEXT",
          "width": null
        },
        {
          "angle": null,
          "end": {
            "x": 146085000,
            "y": 106535000
          },
          "layer": "F.Courtyard",
          "position": {
            "x": 146085000,
            "y": 107455000
          },
          "shape": 0,
          "start": {
            "x": 146085000,
            "y": 107455000
          },
          "text": null,
          "type": "PCB_SHAPE",
          "width": 50000
        },
        {
          "angle": null,
          "end": {
            "x": 146085000,
            "y": 107455000
          },
          "layer": "F.Courtyard",
          "position": {
            "x": 147905000,
            "y": 107455000
          },
          "shape": 0,
          "start": {
            "x": 147905000,
            "y": 107455000
          },
          "text": null,
          "type": "PCB_SHAPE",
          "width": 50000
        },
        {
          "angle": null,
          "end": {
            "x": 146495000,
            "y": 106745000
          },
          "layer": "F.Fab",
          "position": {
            "x": 146495000,
            "y": 107245000
          },
          "shape": 0,
          "start": {
            "x": 146495000,
            "y": 107245000
          },
          "text": null,
          "type": "PCB_SHAPE",
          "width": 100000
        },
        {
          "angle": null,
          "end": {
            "x": 146495000,
            "y": 107245000
          },
          "layer": "F.Fab",
          "position": {
            "x": 147495000,
            "y": 107245000
          },
          "shape": 0,
          "start": {
            "x": 147495000,
            "y": 107245000
          },
          "text": null,
          "type": "PCB_SHAPE",
          "width": 100000
        },
        {
          "angle": null,
          "end": {
            "x": 147102836,
            "y": 106635000
          },
          "layer": "F.Silkscreen",
          "position": {
            "x": 146887164,
            "y": 106635000
          },
          "shape": 0,
          "start": {
            "x": 146887164,
            "y": 106635000
          },
          "text": null,
          "type": "PCB_SHAPE",
          "width": 120000
        },
        {
          "angle": null,
          "end": {
            "x": 147102836,
            "y": 107355000
          },
          "layer": "F.Silkscreen",
          "position": {
            "x": 146887164,
            "y": 107355000
          },
          "shape": 0,
          "start": {
            "x": 146887164,
            "y": 107355000
          },
          "text": null,
          "type": "PCB_SHAPE",
          "width": 120000
        },
        {
          "angle": null,
          "end": {
            "x": 147495000,
            "y": 106745000
          },
          "layer": "F.Fab",
          "position": {
            "x": 146495000,
            "y": 106745000
          },
          "shape": 0,
          "start": {
            "x": 146495000,
            "y": 106745000
          },
          "text": null,
          "type": "PCB_SHAPE",
          "width": 100000
        },
        {
          "angle": null,
          "end": {
            "x": 147495000,
            "y": 107245000
          },
          "layer": "F.Fab",
          "position": {
            "x": 147495000,
            "y": 106745000
          },
          "shape": 0,
          "start": {
            "x": 147495000,
            "y": 106745000
          },
          "text": null,
          "type": "PCB_SHAPE",
          "width": 100000
        },
        {
          "angle": null,
          "end": {
            "x": 147905000,
            "y": 106535000
          },
          "layer": "F.Courtyard",
          "position": {
            "x": 146085000,
            "y": 106535000
          },
          "shape": 0,
          "start": {
            "x": 146085000,
            "y": 106535000
          },
          "text": null,
          "type": "PCB_SHAPE",
          "width": 50000
        },
        {
          "angle": null,
          "end": {
            "x": 147905000,
            "y": 107455000
          },
          "layer": "F.Courtyard",
          "position": {
            "x": 147905000,
            "y": 106535000
          },
          "shape": 0,
          "start": {
            "x": 147905000,
            "y": 106535000
          },
          "text": null,
          "type": "PCB_SHAPE",
          "width": 50000
        }
      ],
      "group": "MODULE1",
      "layer": "F.Cu",
      "locked": false,
      "orientation": 0.0,
      "pads": [
        {
          "layer": "F.Cu",
          "name": "1",
          "position": {
            "x": 146515000,
            "y": 106995000
          }
        },
        {
          "layer": "F.Cu",
          "name": "2",
          "position": {
            "x": 147475000,
            "y": 106995000
          }
        }
      ],
      "position": {
        "x": 146995000,
        "y": 106995000
      },
      "reference": "C1",
      "uuid": "501479b6-11f1-5dcd-80dd-6e36914d9845",
      "value": "0F"
    },
    {
      "dnp": false,
      "exclude_from_bom": false,
      "exclude_from_pos_files": false,
      "footprint": "C_0603_1608Metric:C_0603_1608Metric",
      "graphical_items": [
        {
          "angle": null,
          "end": null,
          "layer": "F.Fab",
          "position": {
            "x": 146995000,
            "y": 103975000
          },
          "shape": null,
          "start": null,
          "text": "${REFERENCE}",
          "type": "PCB_TEXT",
          "width": null
        },
        {
          "angle": null,
          "end": {
            "x": 145515000,
            "y": 103245000
          },
          "layer": "F.Courtyard",
          "position": {
            "x": 145515000,
            "y": 104705000
          },
          "shape": 0,
          "start": {
            "x": 145515000,
            "y": 104705000
          },
          "text": null,
          "type": "PCB_SHAPE",
          "width": 50000
        },
        {
          "angle": null,
          "end": {
            "x": 145515000,
            "y": 104705000
          },
          "layer": "F.Courtyard",
          "position": {
            "x": 148475000,
            "y": 104705000
          },
          "shape": 0,
          "start": {
            "x": 148475000,
            "y": 104705000
          },
          "text": null,
          "type": "PCB_SHAPE",
          "width": 50000
        },
        {
          "angle": null,
          "end": {
            "x": 146195000,
            "y": 103575000
          },
          "layer": "F.Fab",
          "position": {
            "x": 146195000,
            "y": 104375000
          },
          "shape": 0,
          "start": {
            "x": 146195000,
            "y": 104375000
          },
          "text": null,
          "type": "PCB_SHAPE",
          "width": 100000
        },
        {
          "angle": null,
          "end": {
            "x": 146195000,
            "y": 104375000
          },
          "layer": "F.Fab",
          "position": {
            "x": 147795000,
            "y": 104375000
          },
          "shape": 0,
          "start": {
            "x": 147795000,
            "y": 104375000
          },
          "text": null,
          "type": "PCB_SHAPE",
          "width": 100000
        },
        {
          "angle": null,
          "end": {
            "x": 147135580,
            "y": 103465000
          },
          "layer": "F.Silkscreen",
          "position": {
            "x": 146854420,
            "y": 103465000
          },
          "shape": 0,
          "start": {
            "x": 146854420,
            "y": 103465000
          },
          "text": null,
          "type": "PCB_SHAPE",
          "width": 120000
        },
        {
          "angle": null,
          "end": {
            "x": 147135580,
            "y": 104485000
          },
          "layer": "F.Silkscreen",
          "position": {
            "x": 146854420,
            "y": 104485000
          },
          "shape": 0,
          "start": {
            "x": 146854420,
            "y": 104485000
          },
          "text": null,
          "type": "PCB_SHAPE",
          "width": 120000
        },
        {
          "angle": null,
          "end": {
            "x": 147795000,
            "y": 103575000
          },
          "layer": "F.Fab",
          "position": {
            "x": 146195000,
            "y": 103575000
          },
          "shape": 0,
          "start": {
            "x": 146195000,
            "y": 103575000
          },
          "text": null,
          "type": "PCB_SHAPE",
          "width": 100000
        },
        {
          "angle": null,
          "end": {
            "x": 147795000,
            "y": 104375000
          },
          "layer": "F.Fab",
          "position": {
            "x": 147795000,
            "y": 103575000
          },
          "shape": 0,
          "start": {
            "x": 147795000,
            "y": 103575000
          },
          "text": null,
          "type": "PCB_SHAPE",
          "width": 100000
        },
        {
          "angle": null,
          "end": {
            "x": 148475000,
            "y": 103245000
          },
          "layer": "F.Courtyard",
          "position": {
            "x": 145515000,
            "y": 103245000
          },
          "shape": 0,
          "start": {
            "x": 145515000,
            "y": 103245000
          },
          "text": null,
          "type": "PCB_SHAPE",
          "width": 50000
        },
        {
          "angle": null,
          "end": {
            "x": 148475000,
            "y": 104705000
          },
          "layer": "F.Courtyard",
          "position": {
            "x": 148475000,
            "y": 103245000
          },
          "shape": 0,
          "start": {
            "x": 148475000,
            "y": 103245000
          },
          "text": null,
          "type": "PCB_SHAPE",
          "width": 50000
        }
      ],
      "group": "MODULE2",
      "layer": "F.Cu",
      "locked": false,
      "orientation": 0.0,
      "pads": [
        {
          "layer": "F.Cu",
          "name": "1",
          "position": {
            "x": 146220000,
            "y": 103975000
          }
        },
        {
          "layer": "F.Cu",
          "name": "2",
          "position": {
            "x": 147770000,
            "y": 103975000
          }
        }
      ],
      "position": {
        "x": 146995000,
        "y": 103975000
      },
      "reference": "C4",
      "uuid": "a9a3cb20-d570-5a6d-b3fb-397529fe57d7",
      "value": "0F"
    },
    {
      "dnp": false,
      "exclude_from_bom": false,
      "exclude_from_pos_files": false,
      "footprint": "C_0603_1608Metric:C_0603_1608Metric",
      "graphical_items": [
        {
          "angle": null,
          "end": null,
          "layer": "F.Fab",
          "position": {
            "x": 146995000,
            "y": 106995000
          },
          "shape": null,
          "start": null,
          "text": "${REFERENCE}",
          "type": "PCB_TEXT",
          "width": null
        },
        {
          "angle": null,
          "end": {
            "x": 145515000,
            "y": 106265000
          },
          "layer": "F.Courtyard",
          "position": {
            "x": 145515000,
            "y": 107725000
          },
          "shape": 0,
          "start": {
            "x": 145515000,
            "y": 107725000
          },
          "text": null,
          "type": "PCB_SHAPE",
          "width": 50000
        },
        {
          "angle": null,
          "end": {
            "x": 145515000,
            "y": 107725000
          },
          "layer": "F.Courtyard",
          "position": {
            "x": 148475000,
            "y": 107725000
          },
          "shape": 0,
          "start": {
            "x": 148475000,
            "y": 107725000
          },
          "text": null,
          "type": "PCB_SHAPE",
          "width": 50000
        },
        {
          "angle": null,
          "end": {
            "x": 146195000,
            "y": 106595000
          },
          "layer": "F.Fab",
          "position": {
            "x": 146195000,
            "y": 107395000
          },
          "shape": 0,
          "start": {
            "x": 146195000,
            "y": 107395000
          },
          "text": null,
          "type": "PCB_SHAPE",
          "width": 100000
        },
        {
          "angle": null,
          "end": {
            "x": 146195000,
            "y": 107395000
          },
          "layer": "F.Fab",
          "position": {
            "x": 147795000,
            "y": 107395000
          },
          "shape": 0,
          "start": {
            "x": 147795000,
            "y": 107395000
          },
          "text": null,
          "type": "PCB_SHAPE",
          "width": 100000
        },
        {
          "angle": null,
          "end": {
            "x": 147135580,
            "y": 106485000
          },
          "layer": "F.Silkscreen",
          "position": {
            "x": 146854420,
            "y": 106485000
          },
          "shape": 0,
          "start": {
            "x": 146854420,
            "y": 106485000
          },
          "text": null,
          "type": "PCB_SHAPE",
          "width": 120000
        },
        {
          "angle": null,
          "end": {
            "x": 147135580,
            "y": 107505000
          },
          "layer": "F.Silkscreen",
          "position": {
            "x": 146854420,
            "y": 107505000
          },
          "shape": 0,
          "start": {
            "x": 146854420,
            "y": 107505000
          },
          "text": null,
          "type": "PCB_SHAPE",
          "width": 120000
        },
        {
          "angle": null,
          "end": {
            "x": 147795000,
            "y": 106595000
          },
          "layer": "F.Fab",
          "position": {
            "x": 146195000,
            "y": 106595000
          },
          "shape": 0,
          "start": {
            "x": 146195000,
            "y": 106595000
          },
          "text": null,
          "type": "PCB_SHAPE",
          "width": 100000
        },
        {
          "angle": null,
          "end": {
            "x": 147795000,
            "y": 107395000
          },
          "layer": "F.Fab",
          "position": {
            "x": 147795000,
            "y": 106595000
          },
          "shape": 0,
          "start": {
            "x": 147795000,
            "y": 106595000
          },
          "text": null,
          "type": "PCB_SHAPE",
          "width": 100000
        },
        {
          "angle": null,
          "end": {
            "x": 148475000,
            "y": 106265000
          },
          "layer": "F.Courtyard",
          "position": {
            "x": 145515000,
            "y": 106265000
          },
          "shape": 0,
          "start": {
            "x": 145515000,
            "y": 106265000
          },
          "text": null,
          "type": "PCB_SHAPE",
          "width": 50000
        },
        {
          "angle": null,
          "end": {
            "x": 148475000,
            "y": 107725000
          },
          "layer": "F.Courtyard",
          "position": {
            "x": 148475000,
            "y": 106265000
          },
          "shape": 0,
          "start": {
            "x": 148475000,
            "y": 106265000
          },
          "text": null,
          "type": "PCB_SHAPE",
          "width": 50000
        }
      ],
      "group": "MODULE1",
      "layer": "F.Cu",
      "locked": false,
      "orientation": 0.0,
      "pads": [
        {
          "layer": "F.Cu",
          "name": "1",
          "position": {
            "x": 146220000,
            "y": 106995000
          }
        },
        {
          "layer": "F.Cu",
          "name": "2",
          "position": {
            "x": 147770000,
            "y": 106995000
          }
        }
      ],
      "position": {
        "x": 146995000,
        "y": 106995000
      },
      "reference": "C2",
      "uuid": "7bb5c8c4-7322-5347-8f94-bf52be6f1e6b",
      "value": "0F"
    }
  ],
  "groups": [
    {
      "bounding_box": {
        "bottom": 106503250,
        "left": 145240000,
        "right": 148750000,
        "top": 101446750
      },
      "drawings": [],
      "footprints": [
        "a9a3cb20-d570-5a6d-b3fb-397529fe57d7",
        "ef130123-aa9a-5a2c-83ea-87b77fda62a6"
      ],
      "locked": false,
      "name": "MODULE2"
    },
    {
      "bounding_box": {
        "bottom": 109523250,
        "left": 145240000,
        "right": 148750000,
        "top": 104466750
      },
      "drawings": [],
      "footprints": [
        "501479b6-11f1-5dcd-80dd-6e36914d9845",
        "7bb5c8c4-7322-5347-8f94-bf52be6f1e6b"
      ],
      "locked": false,
      "name": "MODULE1"
    }
  ],
  "tracks": [],
  "vias": [],
  "zones": []
}
