---
source: crates/pcb-layout/tests/layout_generation.rs
expression: content
---
{
  "footprints": [
    {
      "dnp": false,
      "exclude_from_bom": false,
      "footprint": "R_0603_1608Metric:R_0603_1608Metric",
      "graphical_items": [
        {
          "angle": null,
          "end": {
            "x": 146900000,
            "y": 110140000
          },
          "layer": "F.Courtyard",
          "position": {
            "x": 143940000,
            "y": 110140000
          },
          "shape": 0,
          "start": {
            "x": 143940000,
            "y": 110140000
          },
          "text": null,
          "type": "PCB_SHAPE",
          "width": 50000
        },
        {
          "angle": null,
          "end": {
            "x": 143940000,
            "y": 110140000
          },
          "layer": "F.Courtyard",
          "position": {
            "x": 143940000,
            "y": 111600000
          },
          "shape": 0,
          "start": {
            "x": 143940000,
            "y": 111600000
          },
          "text": null,
          "type": "PCB_SHAPE",
          "width": 50000
        },
        {
          "angle": null,
          "end": {
            "x": 146220000,
            "y": 110457500
          },
          "layer": "F.Fab",
          "position": {
            "x": 144620000,
            "y": 110457500
          },
          "shape": 0,
          "start": {
            "x": 144620000,
            "y": 110457500
          },
          "text": null,
          "type": "PCB_SHAPE",
          "width": 100000
        },
        {
          "angle": null,
          "end": {
            "x": 144620000,
            "y": 110457500
          },
          "layer": "F.Fab",
          "position": {
            "x": 144620000,
            "y": 111282500
          },
          "shape": 0,
          "start": {
            "x": 144620000,
            "y": 111282500
          },
          "text": null,
          "type": "PCB_SHAPE",
          "width": 100000
        },
        {
          "angle": null,
          "end": {
            "x": 145657258,
            "y": 110347500
          },
          "layer": "F.Silkscreen",
          "position": {
            "x": 145182742,
            "y": 110347500
          },
          "shape": 0,
          "start": {
            "x": 145182742,
            "y": 110347500
          },
          "text": null,
          "type": "PCB_SHAPE",
          "width": 120000
        },
        {
          "angle": null,
          "end": {
            "x": 145657258,
            "y": 111392500
          },
          "layer": "F.Silkscreen",
          "position": {
            "x": 145182742,
            "y": 111392500
          },
          "shape": 0,
          "start": {
            "x": 145182742,
            "y": 111392500
          },
          "text": null,
          "type": "PCB_SHAPE",
          "width": 120000
        },
        {
          "angle": null,
          "end": null,
          "layer": "F.Fab",
          "position": {
            "x": 145420000,
            "y": 110870000
          },
          "shape": null,
          "start": null,
          "text": "${REFERENCE}",
          "type": "PCB_TEXT",
          "width": null
        },
        {
          "angle": null,
          "end": {
            "x": 146220000,
            "y": 111282500
          },
          "layer": "F.Fab",
          "position": {
            "x": 146220000,
            "y": 110457500
          },
          "shape": 0,
          "start": {
            "x": 146220000,
            "y": 110457500
          },
          "text": null,
          "type": "PCB_SHAPE",
          "width": 100000
        },
        {
          "angle": null,
          "end": {
            "x": 144620000,
            "y": 111282500
          },
          "layer": "F.Fab",
          "position": {
            "x": 146220000,
            "y": 111282500
          },
          "shape": 0,
          "start": {
            "x": 146220000,
            "y": 111282500
          },
          "text": null,
          "type": "PCB_SHAPE",
          "width": 100000
        },
        {
          "angle": null,
          "end": {
            "x": 146900000,
            "y": 111600000
          },
          "layer": "F.Courtyard",
          "position": {
            "x": 146900000,
            "y": 110140000
          },
          "shape": 0,
          "start": {
            "x": 146900000,
            "y": 110140000
          },
          "text": null,
          "type": "PCB_SHAPE",
          "width": 50000
        },
        {
          "angle": null,
          "end": {
            "x": 143940000,
            "y": 111600000
          },
          "layer": "F.Courtyard",
          "position": {
            "x": 146900000,
            "y": 111600000
          },
          "shape": 0,
          "start": {
            "x": 146900000,
            "y": 111600000
          },
          "text": null,
          "type": "PCB_SHAPE",
          "width": 50000
        }
      ],
      "group": "MyModule",
      "layer": "F.Cu",
      "locked": false,
      "orientation": 0.0,
      "pads": [
        {
          "layer": "F.Cu",
          "name": "1",
          "position": {
            "x": 144595000,
            "y": 110870000
          }
        },
        {
          "layer": "F.Cu",
          "name": "2",
          "position": {
            "x": 146245000,
            "y": 110870000
          }
        }
      ],
      "position": {
        "x": 145420000,
        "y": 110870000
      },
      "reference": "R1",
      "uuid": "c28e397c-068f-513d-9cce-7ba0992086d6",
      "value": "1k"
    },
    {
      "dnp": false,
      "exclude_from_bom": false,
      "footprint": "R_0603_1608Metric:R_0603_1608Metric",
      "graphical_items": [
        {
          "angle": null,
          "end": {
            "x": 149900000,
            "y": 110140000
          },
          "layer": "F.Courtyard",
          "position": {
            "x": 146940000,
            "y": 110140000
          },
          "shape": 0,
          "start": {
            "x": 146940000,
            "y": 110140000
          },
          "text": null,
          "type": "PCB_SHAPE",
          "width": 50000
        },
        {
          "angle": null,
          "end": {
            "x": 146940000,
            "y": 110140000
          },
          "layer": "F.Courtyard",
          "position": {
            "x": 146940000,
            "y": 111600000
          },
          "shape": 0,
          "start": {
            "x": 146940000,
            "y": 111600000
          },
          "text": null,
          "type": "PCB_SHAPE",
          "width": 50000
        },
        {
          "angle": null,
          "end": {
            "x": 149220000,
            "y": 110457500
          },
          "layer": "F.Fab",
          "position": {
            "x": 147620000,
            "y": 110457500
          },
          "shape": 0,
          "start": {
            "x": 147620000,
            "y": 110457500
          },
          "text": null,
          "type": "PCB_SHAPE",
          "width": 100000
        },
        {
          "angle": null,
          "end": {
            "x": 147620000,
            "y": 110457500
          },
          "layer": "F.Fab",
          "position": {
            "x": 147620000,
            "y": 111282500
          },
          "shape": 0,
          "start": {
            "x": 147620000,
            "y": 111282500
          },
          "text": null,
          "type": "PCB_SHAPE",
          "width": 100000
        },
        {
          "angle": null,
          "end": {
            "x": 148657258,
            "y": 110347500
          },
          "layer": "F.Silkscreen",
          "position": {
            "x": 148182742,
            "y": 110347500
          },
          "shape": 0,
          "start": {
            "x": 148182742,
            "y": 110347500
          },
          "text": null,
          "type": "PCB_SHAPE",
          "width": 120000
        },
        {
          "angle": null,
          "end": {
            "x": 148657258,
            "y": 111392500
          },
          "layer": "F.Silkscreen",
          "position": {
            "x": 148182742,
            "y": 111392500
          },
          "shape": 0,
          "start": {
            "x": 148182742,
            "y": 111392500
          },
          "text": null,
          "type": "PCB_SHAPE",
          "width": 120000
        },
        {
          "angle": null,
          "end": null,
          "layer": "F.Fab",
          "position": {
            "x": 148420000,
            "y": 110870000
          },
          "shape": null,
          "start": null,
          "text": "${REFERENCE}",
          "type": "PCB_TEXT",
          "width": null
        },
        {
          "angle": null,
          "end": {
            "x": 149220000,
            "y": 111282500
          },
          "layer": "F.Fab",
          "position": {
            "x": 149220000,
            "y": 110457500
          },
          "shape": 0,
          "start": {
            "x": 149220000,
            "y": 110457500
          },
          "text": null,
          "type": "PCB_SHAPE",
          "width": 100000
        },
        {
          "angle": null,
          "end": {
            "x": 147620000,
            "y": 111282500
          },
          "layer": "F.Fab",
          "position": {
            "x": 149220000,
            "y": 111282500
          },
          "shape": 0,
          "start": {
            "x": 149220000,
            "y": 111282500
          },
          "text": null,
          "type": "PCB_SHAPE",
          "width": 100000
        },
        {
          "angle": null,
          "end": {
            "x": 149900000,
            "y": 111600000
          },
          "layer": "F.Courtyard",
          "position": {
            "x": 149900000,
            "y": 110140000
          },
          "shape": 0,
          "start": {
            "x": 149900000,
            "y": 110140000
          },
          "text": null,
          "type": "PCB_SHAPE",
          "width": 50000
        },
        {
          "angle": null,
          "end": {
            "x": 146940000,
            "y": 111600000
          },
          "layer": "F.Courtyard",
          "position": {
            "x": 149900000,
            "y": 111600000
          },
          "shape": 0,
          "start": {
            "x": 149900000,
            "y": 111600000
          },
          "text": null,
          "type": "PCB_SHAPE",
          "width": 50000
        }
      ],
      "group": "MyModule",
      "layer": "F.Cu",
      "locked": false,
      "orientation": 0.0,
      "pads": [
        {
          "layer": "F.Cu",
          "name": "1",
          "position": {
            "x": 147595000,
            "y": 110870000
          }
        },
        {
          "layer": "F.Cu",
          "name": "2",
          "position": {
            "x": 149245000,
            "y": 110870000
          }
        }
      ],
      "position": {
        "x": 148420000,
        "y": 110870000
      },
      "reference": "R2",
      "uuid": "fdb381d8-edf9-5208-849a-10b220c35fdd",
      "value": "1k"
    }
  ],
  "groups": [
    {
      "bounding_box": {
        "bottom": 111875000,
        "left": 143665000,
        "right": 150175000,
        "top": 108341750
      },
      "drawings": [],
      "footprints": [
        "c28e397c-068f-513d-9cce-7ba0992086d6",
        "fdb381d8-edf9-5208-849a-10b220c35fdd"
      ],
      "locked": false,
      "name": "MyModule"
    }
  ],
  "zones": [
    {
      "filled": true,
      "hatch_style": 2,
      "layer": "F.Cu",
      "locked": false,
      "min_thickness": 250000,
      "name": "",
      "net_name": "BOARD_ONE",
      "points": [
        {
          "x": 145420000,
          "y": 110870000
        },
        {
          "x": 148420000,
          "y": 110870000
        },
        {
          "x": 148420000,
          "y": 109620000
        },
        {
          "x": 145420000,
          "y": 109620000
        }
      ]
    }
  ]
}
