---
source: crates/pcb-layout/tests/layout_generation.rs
expression: content
---
{
  "footprints": [
    {
      "dnp": false,
      "exclude_from_bom": false,
      "footprint": "R_0603_1608Metric:R_0603_1608Metric",
      "graphical_items": [
        {
          "angle": null,
          "end": {
            "x": 296980000,
            "y": 208270000
          },
          "layer": "F.Courtyard",
          "position": {
            "x": 294020000,
            "y": 208270000
          },
          "shape": 0,
          "start": {
            "x": 294020000,
            "y": 208270000
          },
          "text": null,
          "type": "PCB_SHAPE",
          "width": 50000
        },
        {
          "angle": null,
          "end": {
            "x": 294020000,
            "y": 208270000
          },
          "layer": "F.Courtyard",
          "position": {
            "x": 294020000,
            "y": 209730000
          },
          "shape": 0,
          "start": {
            "x": 294020000,
            "y": 209730000
          },
          "text": null,
          "type": "PCB_SHAPE",
          "width": 50000
        },
        {
          "angle": null,
          "end": {
            "x": 296300000,
            "y": 208587500
          },
          "layer": "F.Fab",
          "position": {
            "x": 294700000,
            "y": 208587500
          },
          "shape": 0,
          "start": {
            "x": 294700000,
            "y": 208587500
          },
          "text": null,
          "type": "PCB_SHAPE",
          "width": 100000
        },
        {
          "angle": null,
          "end": {
            "x": 294700000,
            "y": 208587500
          },
          "layer": "F.Fab",
          "position": {
            "x": 294700000,
            "y": 209412500
          },
          "shape": 0,
          "start": {
            "x": 294700000,
            "y": 209412500
          },
          "text": null,
          "type": "PCB_SHAPE",
          "width": 100000
        },
        {
          "angle": null,
          "end": {
            "x": 295737258,
            "y": 208477500
          },
          "layer": "F.Silkscreen",
          "position": {
            "x": 295262742,
            "y": 208477500
          },
          "shape": 0,
          "start": {
            "x": 295262742,
            "y": 208477500
          },
          "text": null,
          "type": "PCB_SHAPE",
          "width": 120000
        },
        {
          "angle": null,
          "end": {
            "x": 295737258,
            "y": 209522500
          },
          "layer": "F.Silkscreen",
          "position": {
            "x": 295262742,
            "y": 209522500
          },
          "shape": 0,
          "start": {
            "x": 295262742,
            "y": 209522500
          },
          "text": null,
          "type": "PCB_SHAPE",
          "width": 120000
        },
        {
          "angle": null,
          "end": null,
          "layer": "F.Fab",
          "position": {
            "x": 295500000,
            "y": 209000000
          },
          "shape": null,
          "start": null,
          "text": "${REFERENCE}",
          "type": "PCB_TEXT",
          "width": null
        },
        {
          "angle": null,
          "end": {
            "x": 296300000,
            "y": 209412500
          },
          "layer": "F.Fab",
          "position": {
            "x": 296300000,
            "y": 208587500
          },
          "shape": 0,
          "start": {
            "x": 296300000,
            "y": 208587500
          },
          "text": null,
          "type": "PCB_SHAPE",
          "width": 100000
        },
        {
          "angle": null,
          "end": {
            "x": 294700000,
            "y": 209412500
          },
          "layer": "F.Fab",
          "position": {
            "x": 296300000,
            "y": 209412500
          },
          "shape": 0,
          "start": {
            "x": 296300000,
            "y": 209412500
          },
          "text": null,
          "type": "PCB_SHAPE",
          "width": 100000
        },
        {
          "angle": null,
          "end": {
            "x": 296980000,
            "y": 209730000
          },
          "layer": "F.Courtyard",
          "position": {
            "x": 296980000,
            "y": 208270000
          },
          "shape": 0,
          "start": {
            "x": 296980000,
            "y": 208270000
          },
          "text": null,
          "type": "PCB_SHAPE",
          "width": 50000
        },
        {
          "angle": null,
          "end": {
            "x": 294020000,
            "y": 209730000
          },
          "layer": "F.Courtyard",
          "position": {
            "x": 296980000,
            "y": 209730000
          },
          "shape": 0,
          "start": {
            "x": 296980000,
            "y": 209730000
          },
          "text": null,
          "type": "PCB_SHAPE",
          "width": 50000
        }
      ],
      "group": "MyModule",
      "layer": "F.Cu",
      "locked": false,
      "orientation": 0.0,
      "pads": [
        {
          "layer": "F.Cu",
          "name": "1",
          "position": {
            "x": 294675000,
            "y": 209000000
          }
        },
        {
          "layer": "F.Cu",
          "name": "2",
          "position": {
            "x": 296325000,
            "y": 209000000
          }
        }
      ],
      "position": {
        "x": 295500000,
        "y": 209000000
      },
      "reference": "R1",
      "uuid": "c28e397c-068f-513d-9cce-7ba0992086d6",
      "value": "1k"
    },
    {
      "dnp": false,
      "exclude_from_bom": false,
      "footprint": "R_0603_1608Metric:R_0603_1608Metric",
      "graphical_items": [
        {
          "angle": null,
          "end": {
            "x": 299980000,
            "y": 208270000
          },
          "layer": "F.Courtyard",
          "position": {
            "x": 297020000,
            "y": 208270000
          },
          "shape": 0,
          "start": {
            "x": 297020000,
            "y": 208270000
          },
          "text": null,
          "type": "PCB_SHAPE",
          "width": 50000
        },
        {
          "angle": null,
          "end": {
            "x": 297020000,
            "y": 208270000
          },
          "layer": "F.Courtyard",
          "position": {
            "x": 297020000,
            "y": 209730000
          },
          "shape": 0,
          "start": {
            "x": 297020000,
            "y": 209730000
          },
          "text": null,
          "type": "PCB_SHAPE",
          "width": 50000
        },
        {
          "angle": null,
          "end": {
            "x": 299300000,
            "y": 208587500
          },
          "layer": "F.Fab",
          "position": {
            "x": 297700000,
            "y": 208587500
          },
          "shape": 0,
          "start": {
            "x": 297700000,
            "y": 208587500
          },
          "text": null,
          "type": "PCB_SHAPE",
          "width": 100000
        },
        {
          "angle": null,
          "end": {
            "x": 297700000,
            "y": 208587500
          },
          "layer": "F.Fab",
          "position": {
            "x": 297700000,
            "y": 209412500
          },
          "shape": 0,
          "start": {
            "x": 297700000,
            "y": 209412500
          },
          "text": null,
          "type": "PCB_SHAPE",
          "width": 100000
        },
        {
          "angle": null,
          "end": {
            "x": 298737258,
            "y": 208477500
          },
          "layer": "F.Silkscreen",
          "position": {
            "x": 298262742,
            "y": 208477500
          },
          "shape": 0,
          "start": {
            "x": 298262742,
            "y": 208477500
          },
          "text": null,
          "type": "PCB_SHAPE",
          "width": 120000
        },
        {
          "angle": null,
          "end": {
            "x": 298737258,
            "y": 209522500
          },
          "layer": "F.Silkscreen",
          "position": {
            "x": 298262742,
            "y": 209522500
          },
          "shape": 0,
          "start": {
            "x": 298262742,
            "y": 209522500
          },
          "text": null,
          "type": "PCB_SHAPE",
          "width": 120000
        },
        {
          "angle": null,
          "end": null,
          "layer": "F.Fab",
          "position": {
            "x": 298500000,
            "y": 209000000
          },
          "shape": null,
          "start": null,
          "text": "${REFERENCE}",
          "type": "PCB_TEXT",
          "width": null
        },
        {
          "angle": null,
          "end": {
            "x": 299300000,
            "y": 209412500
          },
          "layer": "F.Fab",
          "position": {
            "x": 299300000,
            "y": 208587500
          },
          "shape": 0,
          "start": {
            "x": 299300000,
            "y": 208587500
          },
          "text": null,
          "type": "PCB_SHAPE",
          "width": 100000
        },
        {
          "angle": null,
          "end": {
            "x": 297700000,
            "y": 209412500
          },
          "layer": "F.Fab",
          "position": {
            "x": 299300000,
            "y": 209412500
          },
          "shape": 0,
          "start": {
            "x": 299300000,
            "y": 209412500
          },
          "text": null,
          "type": "PCB_SHAPE",
          "width": 100000
        },
        {
          "angle": null,
          "end": {
            "x": 299980000,
            "y": 209730000
          },
          "layer": "F.Courtyard",
          "position": {
            "x": 299980000,
            "y": 208270000
          },
          "shape": 0,
          "start": {
            "x": 299980000,
            "y": 208270000
          },
          "text": null,
          "type": "PCB_SHAPE",
          "width": 50000
        },
        {
          "angle": null,
          "end": {
            "x": 297020000,
            "y": 209730000
          },
          "layer": "F.Courtyard",
          "position": {
            "x": 299980000,
            "y": 209730000
          },
          "shape": 0,
          "start": {
            "x": 299980000,
            "y": 209730000
          },
          "text": null,
          "type": "PCB_SHAPE",
          "width": 50000
        }
      ],
      "group": "MyModule",
      "layer": "F.Cu",
      "locked": false,
      "orientation": 0.0,
      "pads": [
        {
          "layer": "F.Cu",
          "name": "1",
          "position": {
            "x": 297675000,
            "y": 209000000
          }
        },
        {
          "layer": "F.Cu",
          "name": "2",
          "position": {
            "x": 299325000,
            "y": 209000000
          }
        }
      ],
      "position": {
        "x": 298500000,
        "y": 209000000
      },
      "reference": "R2",
      "uuid": "fdb381d8-edf9-5208-849a-10b220c35fdd",
      "value": "1k"
    }
  ],
  "groups": [
    {
      "bounding_box": {
        "bottom": 210005000,
        "left": 293745000,
        "right": 300255000,
        "top": 206471750
      },
      "drawings": [],
      "footprints": [
        "c28e397c-068f-513d-9cce-7ba0992086d6",
        "fdb381d8-edf9-5208-849a-10b220c35fdd"
      ],
      "locked": false,
      "name": "MyModule",
      "zones": [
        {
          "filled": true,
          "hatch_style": 2,
          "layer": "F.Cu",
          "locked": false,
          "min_thickness": 250000,
          "name": "",
          "net_name": "BOARD_ONE",
          "points": [
            {
              "x": 295500000,
              "y": 209000000
            },
            {
              "x": 298500000,
              "y": 209000000
            },
            {
              "x": 298500000,
              "y": 207750000
            },
            {
              "x": 295500000,
              "y": 207750000
            }
          ]
        }
      ]
    }
  ],
  "zones": []
}
