---
source: crates/pcb-layout/tests/layout_generation.rs
expression: content
---
{
  "footprints": [
    {
      "dnp": false,
      "exclude_from_bom": false,
      "footprint": "R_0603_1608Metric:R_0603_1608Metric",
      "graphical_items": [
        {
          "angle": null,
          "end": {
            "x": 145515000,
            "y": 105780000
          },
          "layer": "B.Courtyard",
          "position": {
            "x": 145515000,
            "y": 104320000
          },
          "shape": 0,
          "start": {
            "x": 145515000,
            "y": 104320000
          },
          "text": null,
          "type": "PCB_SHAPE",
          "width": 50000
        },
        {
          "angle": null,
          "end": {
            "x": 148475000,
            "y": 105780000
          },
          "layer": "B.Courtyard",
          "position": {
            "x": 145515000,
            "y": 105780000
          },
          "shape": 0,
          "start": {
            "x": 145515000,
            "y": 105780000
          },
          "text": null,
          "type": "PCB_SHAPE",
          "width": 50000
        },
        {
          "angle": null,
          "end": {
            "x": 146195000,
            "y": 105462500
          },
          "layer": "B.Fab",
          "position": {
            "x": 146195000,
            "y": 104637500
          },
          "shape": 0,
          "start": {
            "x": 146195000,
            "y": 104637500
          },
          "text": null,
          "type": "PCB_SHAPE",
          "width": 100000
        },
        {
          "angle": null,
          "end": {
            "x": 147795000,
            "y": 105462500
          },
          "layer": "B.Fab",
          "position": {
            "x": 146195000,
            "y": 105462500
          },
          "shape": 0,
          "start": {
            "x": 146195000,
            "y": 105462500
          },
          "text": null,
          "type": "PCB_SHAPE",
          "width": 100000
        },
        {
          "angle": null,
          "end": {
            "x": 147232258,
            "y": 104527500
          },
          "layer": "B.Silkscreen",
          "position": {
            "x": 146757742,
            "y": 104527500
          },
          "shape": 0,
          "start": {
            "x": 146757742,
            "y": 104527500
          },
          "text": null,
          "type": "PCB_SHAPE",
          "width": 120000
        },
        {
          "angle": null,
          "end": {
            "x": 147232258,
            "y": 105572500
          },
          "layer": "B.Silkscreen",
          "position": {
            "x": 146757742,
            "y": 105572500
          },
          "shape": 0,
          "start": {
            "x": 146757742,
            "y": 105572500
          },
          "text": null,
          "type": "PCB_SHAPE",
          "width": 120000
        },
        {
          "angle": null,
          "end": null,
          "layer": "B.Fab",
          "position": {
            "x": 146995000,
            "y": 105050000
          },
          "shape": null,
          "start": null,
          "text": "${REFERENCE}",
          "type": "PCB_TEXT",
          "width": null
        },
        {
          "angle": null,
          "end": {
            "x": 146195000,
            "y": 104637500
          },
          "layer": "B.Fab",
          "position": {
            "x": 147795000,
            "y": 104637500
          },
          "shape": 0,
          "start": {
            "x": 147795000,
            "y": 104637500
          },
          "text": null,
          "type": "PCB_SHAPE",
          "width": 100000
        },
        {
          "angle": null,
          "end": {
            "x": 147795000,
            "y": 104637500
          },
          "layer": "B.Fab",
          "position": {
            "x": 147795000,
            "y": 105462500
          },
          "shape": 0,
          "start": {
            "x": 147795000,
            "y": 105462500
          },
          "text": null,
          "type": "PCB_SHAPE",
          "width": 100000
        },
        {
          "angle": null,
          "end": {
            "x": 145515000,
            "y": 104320000
          },
          "layer": "B.Courtyard",
          "position": {
            "x": 148475000,
            "y": 104320000
          },
          "shape": 0,
          "start": {
            "x": 148475000,
            "y": 104320000
          },
          "text": null,
          "type": "PCB_SHAPE",
          "width": 50000
        },
        {
          "angle": null,
          "end": {
            "x": 148475000,
            "y": 104320000
          },
          "layer": "B.Courtyard",
          "position": {
            "x": 148475000,
            "y": 105780000
          },
          "shape": 0,
          "start": {
            "x": 148475000,
            "y": 105780000
          },
          "text": null,
          "type": "PCB_SHAPE",
          "width": 50000
        }
      ],
      "group": "M1",
      "layer": "B.Cu",
      "locked": false,
      "orientation": 0.0,
      "pads": [
        {
          "layer": "F.Cu",
          "name": "1",
          "position": {
            "x": 146170000,
            "y": 105050000
          }
        },
        {
          "layer": "F.Cu",
          "name": "2",
          "position": {
            "x": 147820000,
            "y": 105050000
          }
        }
      ],
      "position": {
        "x": 146995000,
        "y": 105050000
      },
      "reference": "R2",
      "uuid": "48bf6a36-b230-58e2-a5a6-54c82017a57d",
      "value": "1k"
    },
    {
      "dnp": false,
      "exclude_from_bom": false,
      "footprint": "R_0603_1608Metric:R_0603_1608Metric",
      "graphical_items": [
        {
          "angle": null,
          "end": {
            "x": 145475000,
            "y": 104320000
          },
          "layer": "F.Courtyard",
          "position": {
            "x": 142515000,
            "y": 104320000
          },
          "shape": 0,
          "start": {
            "x": 142515000,
            "y": 104320000
          },
          "text": null,
          "type": "PCB_SHAPE",
          "width": 50000
        },
        {
          "angle": null,
          "end": {
            "x": 142515000,
            "y": 104320000
          },
          "layer": "F.Courtyard",
          "position": {
            "x": 142515000,
            "y": 105780000
          },
          "shape": 0,
          "start": {
            "x": 142515000,
            "y": 105780000
          },
          "text": null,
          "type": "PCB_SHAPE",
          "width": 50000
        },
        {
          "angle": null,
          "end": {
            "x": 144795000,
            "y": 104637500
          },
          "layer": "F.Fab",
          "position": {
            "x": 143195000,
            "y": 104637500
          },
          "shape": 0,
          "start": {
            "x": 143195000,
            "y": 104637500
          },
          "text": null,
          "type": "PCB_SHAPE",
          "width": 100000
        },
        {
          "angle": null,
          "end": {
            "x": 143195000,
            "y": 104637500
          },
          "layer": "F.Fab",
          "position": {
            "x": 143195000,
            "y": 105462500
          },
          "shape": 0,
          "start": {
            "x": 143195000,
            "y": 105462500
          },
          "text": null,
          "type": "PCB_SHAPE",
          "width": 100000
        },
        {
          "angle": null,
          "end": {
            "x": 144232258,
            "y": 104527500
          },
          "layer": "F.Silkscreen",
          "position": {
            "x": 143757742,
            "y": 104527500
          },
          "shape": 0,
          "start": {
            "x": 143757742,
            "y": 104527500
          },
          "text": null,
          "type": "PCB_SHAPE",
          "width": 120000
        },
        {
          "angle": null,
          "end": {
            "x": 144232258,
            "y": 105572500
          },
          "layer": "F.Silkscreen",
          "position": {
            "x": 143757742,
            "y": 105572500
          },
          "shape": 0,
          "start": {
            "x": 143757742,
            "y": 105572500
          },
          "text": null,
          "type": "PCB_SHAPE",
          "width": 120000
        },
        {
          "angle": null,
          "end": null,
          "layer": "F.Fab",
          "position": {
            "x": 143995000,
            "y": 105050000
          },
          "shape": null,
          "start": null,
          "text": "${REFERENCE}",
          "type": "PCB_TEXT",
          "width": null
        },
        {
          "angle": null,
          "end": {
            "x": 144795000,
            "y": 105462500
          },
          "layer": "F.Fab",
          "position": {
            "x": 144795000,
            "y": 104637500
          },
          "shape": 0,
          "start": {
            "x": 144795000,
            "y": 104637500
          },
          "text": null,
          "type": "PCB_SHAPE",
          "width": 100000
        },
        {
          "angle": null,
          "end": {
            "x": 143195000,
            "y": 105462500
          },
          "layer": "F.Fab",
          "position": {
            "x": 144795000,
            "y": 105462500
          },
          "shape": 0,
          "start": {
            "x": 144795000,
            "y": 105462500
          },
          "text": null,
          "type": "PCB_SHAPE",
          "width": 100000
        },
        {
          "angle": null,
          "end": {
            "x": 145475000,
            "y": 105780000
          },
          "layer": "F.Courtyard",
          "position": {
            "x": 145475000,
            "y": 104320000
          },
          "shape": 0,
          "start": {
            "x": 145475000,
            "y": 104320000
          },
          "text": null,
          "type": "PCB_SHAPE",
          "width": 50000
        },
        {
          "angle": null,
          "end": {
            "x": 142515000,
            "y": 105780000
          },
          "layer": "F.Courtyard",
          "position": {
            "x": 145475000,
            "y": 105780000
          },
          "shape": 0,
          "start": {
            "x": 145475000,
            "y": 105780000
          },
          "text": null,
          "type": "PCB_SHAPE",
          "width": 50000
        }
      ],
      "group": "M1",
      "layer": "F.Cu",
      "locked": false,
      "orientation": 0.0,
      "pads": [
        {
          "layer": "F.Cu",
          "name": "1",
          "position": {
            "x": 143170000,
            "y": 105050000
          }
        },
        {
          "layer": "F.Cu",
          "name": "2",
          "position": {
            "x": 144820000,
            "y": 105050000
          }
        }
      ],
      "position": {
        "x": 143995000,
        "y": 105050000
      },
      "reference": "R1",
      "uuid": "5302dcaf-7d21-5a4d-b360-78ca6a2fd7f8",
      "value": "1k"
    },
    {
      "dnp": false,
      "exclude_from_bom": false,
      "footprint": "R_0603_1608Metric:R_0603_1608Metric",
      "graphical_items": [
        {
          "angle": null,
          "end": {
            "x": 151485000,
            "y": 104320000
          },
          "layer": "F.Courtyard",
          "position": {
            "x": 148525000,
            "y": 104320000
          },
          "shape": 0,
          "start": {
            "x": 148525000,
            "y": 104320000
          },
          "text": null,
          "type": "PCB_SHAPE",
          "width": 50000
        },
        {
          "angle": null,
          "end": {
            "x": 148525000,
            "y": 104320000
          },
          "layer": "F.Courtyard",
          "position": {
            "x": 148525000,
            "y": 105780000
          },
          "shape": 0,
          "start": {
            "x": 148525000,
            "y": 105780000
          },
          "text": null,
          "type": "PCB_SHAPE",
          "width": 50000
        },
        {
          "angle": null,
          "end": {
            "x": 150805000,
            "y": 104637500
          },
          "layer": "F.Fab",
          "position": {
            "x": 149205000,
            "y": 104637500
          },
          "shape": 0,
          "start": {
            "x": 149205000,
            "y": 104637500
          },
          "text": null,
          "type": "PCB_SHAPE",
          "width": 100000
        },
        {
          "angle": null,
          "end": {
            "x": 149205000,
            "y": 104637500
          },
          "layer": "F.Fab",
          "position": {
            "x": 149205000,
            "y": 105462500
          },
          "shape": 0,
          "start": {
            "x": 149205000,
            "y": 105462500
          },
          "text": null,
          "type": "PCB_SHAPE",
          "width": 100000
        },
        {
          "angle": null,
          "end": {
            "x": 150242258,
            "y": 104527500
          },
          "layer": "F.Silkscreen",
          "position": {
            "x": 149767742,
            "y": 104527500
          },
          "shape": 0,
          "start": {
            "x": 149767742,
            "y": 104527500
          },
          "text": null,
          "type": "PCB_SHAPE",
          "width": 120000
        },
        {
          "angle": null,
          "end": {
            "x": 150242258,
            "y": 105572500
          },
          "layer": "F.Silkscreen",
          "position": {
            "x": 149767742,
            "y": 105572500
          },
          "shape": 0,
          "start": {
            "x": 149767742,
            "y": 105572500
          },
          "text": null,
          "type": "PCB_SHAPE",
          "width": 120000
        },
        {
          "angle": null,
          "end": null,
          "layer": "F.Fab",
          "position": {
            "x": 150005000,
            "y": 105050000
          },
          "shape": null,
          "start": null,
          "text": "${REFERENCE}",
          "type": "PCB_TEXT",
          "width": null
        },
        {
          "angle": null,
          "end": {
            "x": 150805000,
            "y": 105462500
          },
          "layer": "F.Fab",
          "position": {
            "x": 150805000,
            "y": 104637500
          },
          "shape": 0,
          "start": {
            "x": 150805000,
            "y": 104637500
          },
          "text": null,
          "type": "PCB_SHAPE",
          "width": 100000
        },
        {
          "angle": null,
          "end": {
            "x": 149205000,
            "y": 105462500
          },
          "layer": "F.Fab",
          "position": {
            "x": 150805000,
            "y": 105462500
          },
          "shape": 0,
          "start": {
            "x": 150805000,
            "y": 105462500
          },
          "text": null,
          "type": "PCB_SHAPE",
          "width": 100000
        },
        {
          "angle": null,
          "end": {
            "x": 151485000,
            "y": 105780000
          },
          "layer": "F.Courtyard",
          "position": {
            "x": 151485000,
            "y": 104320000
          },
          "shape": 0,
          "start": {
            "x": 151485000,
            "y": 104320000
          },
          "text": null,
          "type": "PCB_SHAPE",
          "width": 50000
        },
        {
          "angle": null,
          "end": {
            "x": 148525000,
            "y": 105780000
          },
          "layer": "F.Courtyard",
          "position": {
            "x": 151485000,
            "y": 105780000
          },
          "shape": 0,
          "start": {
            "x": 151485000,
            "y": 105780000
          },
          "text": null,
          "type": "PCB_SHAPE",
          "width": 50000
        }
      ],
      "group": "M2",
      "layer": "F.Cu",
      "locked": false,
      "orientation": 0.0,
      "pads": [
        {
          "layer": "F.Cu",
          "name": "1",
          "position": {
            "x": 149180000,
            "y": 105050000
          }
        },
        {
          "layer": "F.Cu",
          "name": "2",
          "position": {
            "x": 150830000,
            "y": 105050000
          }
        }
      ],
      "position": {
        "x": 150005000,
        "y": 105050000
      },
      "reference": "R3",
      "uuid": "a5b98fab-23af-5476-8c3f-62b0a4486620",
      "value": "1k"
    },
    {
      "dnp": false,
      "exclude_from_bom": false,
      "footprint": "R_0603_1608Metric:R_0603_1608Metric",
      "graphical_items": [
        {
          "angle": null,
          "end": {
            "x": 151525000,
            "y": 105780000
          },
          "layer": "B.Courtyard",
          "position": {
            "x": 151525000,
            "y": 104320000
          },
          "shape": 0,
          "start": {
            "x": 151525000,
            "y": 104320000
          },
          "text": null,
          "type": "PCB_SHAPE",
          "width": 50000
        },
        {
          "angle": null,
          "end": {
            "x": 154485000,
            "y": 105780000
          },
          "layer": "B.Courtyard",
          "position": {
            "x": 151525000,
            "y": 105780000
          },
          "shape": 0,
          "start": {
            "x": 151525000,
            "y": 105780000
          },
          "text": null,
          "type": "PCB_SHAPE",
          "width": 50000
        },
        {
          "angle": null,
          "end": {
            "x": 152205000,
            "y": 105462500
          },
          "layer": "B.Fab",
          "position": {
            "x": 152205000,
            "y": 104637500
          },
          "shape": 0,
          "start": {
            "x": 152205000,
            "y": 104637500
          },
          "text": null,
          "type": "PCB_SHAPE",
          "width": 100000
        },
        {
          "angle": null,
          "end": {
            "x": 153805000,
            "y": 105462500
          },
          "layer": "B.Fab",
          "position": {
            "x": 152205000,
            "y": 105462500
          },
          "shape": 0,
          "start": {
            "x": 152205000,
            "y": 105462500
          },
          "text": null,
          "type": "PCB_SHAPE",
          "width": 100000
        },
        {
          "angle": null,
          "end": {
            "x": 153242258,
            "y": 104527500
          },
          "layer": "B.Silkscreen",
          "position": {
            "x": 152767742,
            "y": 104527500
          },
          "shape": 0,
          "start": {
            "x": 152767742,
            "y": 104527500
          },
          "text": null,
          "type": "PCB_SHAPE",
          "width": 120000
        },
        {
          "angle": null,
          "end": {
            "x": 153242258,
            "y": 105572500
          },
          "layer": "B.Silkscreen",
          "position": {
            "x": 152767742,
            "y": 105572500
          },
          "shape": 0,
          "start": {
            "x": 152767742,
            "y": 105572500
          },
          "text": null,
          "type": "PCB_SHAPE",
          "width": 120000
        },
        {
          "angle": null,
          "end": null,
          "layer": "B.Fab",
          "position": {
            "x": 153005000,
            "y": 105050000
          },
          "shape": null,
          "start": null,
          "text": "${REFERENCE}",
          "type": "PCB_TEXT",
          "width": null
        },
        {
          "angle": null,
          "end": {
            "x": 152205000,
            "y": 104637500
          },
          "layer": "B.Fab",
          "position": {
            "x": 153805000,
            "y": 104637500
          },
          "shape": 0,
          "start": {
            "x": 153805000,
            "y": 104637500
          },
          "text": null,
          "type": "PCB_SHAPE",
          "width": 100000
        },
        {
          "angle": null,
          "end": {
            "x": 153805000,
            "y": 104637500
          },
          "layer": "B.Fab",
          "position": {
            "x": 153805000,
            "y": 105462500
          },
          "shape": 0,
          "start": {
            "x": 153805000,
            "y": 105462500
          },
          "text": null,
          "type": "PCB_SHAPE",
          "width": 100000
        },
        {
          "angle": null,
          "end": {
            "x": 151525000,
            "y": 104320000
          },
          "layer": "B.Courtyard",
          "position": {
            "x": 154485000,
            "y": 104320000
          },
          "shape": 0,
          "start": {
            "x": 154485000,
            "y": 104320000
          },
          "text": null,
          "type": "PCB_SHAPE",
          "width": 50000
        },
        {
          "angle": null,
          "end": {
            "x": 154485000,
            "y": 104320000
          },
          "layer": "B.Courtyard",
          "position": {
            "x": 154485000,
            "y": 105780000
          },
          "shape": 0,
          "start": {
            "x": 154485000,
            "y": 105780000
          },
          "text": null,
          "type": "PCB_SHAPE",
          "width": 50000
        }
      ],
      "group": "M2",
      "layer": "B.Cu",
      "locked": false,
      "orientation": 0.0,
      "pads": [
        {
          "layer": "F.Cu",
          "name": "1",
          "position": {
            "x": 152180000,
            "y": 105050000
          }
        },
        {
          "layer": "F.Cu",
          "name": "2",
          "position": {
            "x": 153830000,
            "y": 105050000
          }
        }
      ],
      "position": {
        "x": 153005000,
        "y": 105050000
      },
      "reference": "R4",
      "uuid": "c7d83793-ea87-5e0f-be4a-bb5b4ae63773",
      "value": "1k"
    }
  ],
  "groups": [
    {
      "bounding_box": {
        "bottom": 107578250,
        "left": 142240000,
        "right": 148750000,
        "top": 102521750
      },
      "drawings": [],
      "footprints": [
        "48bf6a36-b230-58e2-a5a6-54c82017a57d",
        "5302dcaf-7d21-5a4d-b360-78ca6a2fd7f8"
      ],
      "locked": false,
      "name": "M1"
    },
    {
      "bounding_box": {
        "bottom": 107578250,
        "left": 148250000,
        "right": 154760000,
        "top": 102521750
      },
      "drawings": [],
      "footprints": [
        "a5b98fab-23af-5476-8c3f-62b0a4486620",
        "c7d83793-ea87-5e0f-be4a-bb5b4ae63773"
      ],
      "locked": false,
      "name": "M2"
    }
  ],
  "tracks": [
    {
      "end": {
        "x": 151705000,
        "y": 103550000
      },
      "layer": "B.Cu",
      "locked": false,
      "net_name": "BOARD_ONE",
      "start": {
        "x": 152180000,
        "y": 104025000
      },
      "width": 200000
    },
    {
      "end": {
        "x": 150605000,
        "y": 103550000
      },
      "layer": "B.Cu",
      "locked": false,
      "net_name": "BOARD_ONE",
      "start": {
        "x": 151705000,
        "y": 103550000
      },
      "width": 200000
    },
    {
      "end": {
        "x": 152180000,
        "y": 104025000
      },
      "layer": "B.Cu",
      "locked": false,
      "net_name": "BOARD_ONE",
      "start": {
        "x": 152180000,
        "y": 105050000
      },
      "width": 200000
    },
    {
      "end": {
        "x": 145695000,
        "y": 103550000
      },
      "layer": "B.Cu",
      "locked": false,
      "net_name": "BOARD_ONE",
      "start": {
        "x": 146170000,
        "y": 104025000
      },
      "width": 200000
    },
    {
      "end": {
        "x": 144595000,
        "y": 103550000
      },
      "layer": "B.Cu",
      "locked": false,
      "net_name": "BOARD_ONE",
      "start": {
        "x": 145695000,
        "y": 103550000
      },
      "width": 200000
    },
    {
      "end": {
        "x": 146170000,
        "y": 104025000
      },
      "layer": "B.Cu",
      "locked": false,
      "net_name": "BOARD_ONE",
      "start": {
        "x": 146170000,
        "y": 105050000
      },
      "width": 200000
    },
    {
      "end": {
        "x": 149605000,
        "y": 103550000
      },
      "layer": "F.Cu",
      "locked": false,
      "net_name": "BOARD_ONE",
      "start": {
        "x": 149180000,
        "y": 103975000
      },
      "width": 200000
    },
    {
      "end": {
        "x": 149180000,
        "y": 103975000
      },
      "layer": "F.Cu",
      "locked": false,
      "net_name": "BOARD_ONE",
      "start": {
        "x": 149180000,
        "y": 105050000
      },
      "width": 200000
    },
    {
      "end": {
        "x": 150605000,
        "y": 103550000
      },
      "layer": "F.Cu",
      "locked": false,
      "net_name": "BOARD_ONE",
      "start": {
        "x": 149605000,
        "y": 103550000
      },
      "width": 200000
    },
    {
      "end": {
        "x": 143595000,
        "y": 103550000
      },
      "layer": "F.Cu",
      "locked": false,
      "net_name": "BOARD_ONE",
      "start": {
        "x": 143170000,
        "y": 103975000
      },
      "width": 200000
    },
    {
      "end": {
        "x": 143170000,
        "y": 103975000
      },
      "layer": "F.Cu",
      "locked": false,
      "net_name": "BOARD_ONE",
      "start": {
        "x": 143170000,
        "y": 105050000
      },
      "width": 200000
    },
    {
      "end": {
        "x": 144595000,
        "y": 103550000
      },
      "layer": "F.Cu",
      "locked": false,
      "net_name": "BOARD_ONE",
      "start": {
        "x": 143595000,
        "y": 103550000
      },
      "width": 200000
    },
    {
      "end": {
        "x": 152405000,
        "y": 106450000
      },
      "layer": "B.Cu",
      "locked": false,
      "net_name": "BOARD_TWO",
      "start": {
        "x": 153405000,
        "y": 106450000
      },
      "width": 200000
    },
    {
      "end": {
        "x": 153830000,
        "y": 106025000
      },
      "layer": "B.Cu",
      "locked": false,
      "net_name": "BOARD_TWO",
      "start": {
        "x": 153830000,
        "y": 105050000
      },
      "width": 200000
    },
    {
      "end": {
        "x": 153405000,
        "y": 106450000
      },
      "layer": "B.Cu",
      "locked": false,
      "net_name": "BOARD_TWO",
      "start": {
        "x": 153830000,
        "y": 106025000
      },
      "width": 200000
    },
    {
      "end": {
        "x": 146395000,
        "y": 106450000
      },
      "layer": "B.Cu",
      "locked": false,
      "net_name": "BOARD_TWO",
      "start": {
        "x": 147395000,
        "y": 106450000
      },
      "width": 200000
    },
    {
      "end": {
        "x": 147820000,
        "y": 106025000
      },
      "layer": "B.Cu",
      "locked": false,
      "net_name": "BOARD_TWO",
      "start": {
        "x": 147820000,
        "y": 105050000
      },
      "width": 200000
    },
    {
      "end": {
        "x": 147395000,
        "y": 106450000
      },
      "layer": "B.Cu",
      "locked": false,
      "net_name": "BOARD_TWO",
      "start": {
        "x": 147820000,
        "y": 106025000
      },
      "width": 200000
    },
    {
      "end": {
        "x": 152405000,
        "y": 106450000
      },
      "layer": "F.Cu",
      "locked": false,
      "net_name": "BOARD_TWO",
      "start": {
        "x": 151205000,
        "y": 106450000
      },
      "width": 200000
    },
    {
      "end": {
        "x": 151205000,
        "y": 106450000
      },
      "layer": "F.Cu",
      "locked": false,
      "net_name": "BOARD_TWO",
      "start": {
        "x": 150830000,
        "y": 106075000
      },
      "width": 200000
    },
    {
      "end": {
        "x": 150830000,
        "y": 106075000
      },
      "layer": "F.Cu",
      "locked": false,
      "net_name": "BOARD_TWO",
      "start": {
        "x": 150830000,
        "y": 105050000
      },
      "width": 200000
    },
    {
      "end": {
        "x": 146395000,
        "y": 106450000
      },
      "layer": "F.Cu",
      "locked": false,
      "net_name": "BOARD_TWO",
      "start": {
        "x": 145195000,
        "y": 106450000
      },
      "width": 200000
    },
    {
      "end": {
        "x": 145195000,
        "y": 106450000
      },
      "layer": "F.Cu",
      "locked": false,
      "net_name": "BOARD_TWO",
      "start": {
        "x": 144820000,
        "y": 106075000
      },
      "width": 200000
    },
    {
      "end": {
        "x": 144820000,
        "y": 106075000
      },
      "layer": "F.Cu",
      "locked": false,
      "net_name": "BOARD_TWO",
      "start": {
        "x": 144820000,
        "y": 105050000
      },
      "width": 200000
    }
  ],
  "vias": [
    {
      "diameter": 600000,
      "drill": 300000,
      "locked": false,
      "net_name": "BOARD_ONE",
      "position": {
        "x": 144595000,
        "y": 103550000
      },
      "via_type": 3
    },
    {
      "diameter": 600000,
      "drill": 300000,
      "locked": false,
      "net_name": "BOARD_ONE",
      "position": {
        "x": 150605000,
        "y": 103550000
      },
      "via_type": 3
    },
    {
      "diameter": 600000,
      "drill": 300000,
      "locked": false,
      "net_name": "BOARD_TWO",
      "position": {
        "x": 146395000,
        "y": 106450000
      },
      "via_type": 3
    },
    {
      "diameter": 600000,
      "drill": 300000,
      "locked": false,
      "net_name": "BOARD_TWO",
      "position": {
        "x": 152405000,
        "y": 106450000
      },
      "via_type": 3
    }
  ],
  "zones": []
}
