---
source: crates/pcb-layout/tests/layout_generation.rs
expression: content
---
{
  "footprints": [
    {
      "dnp": false,
      "exclude_from_bom": false,
      "exclude_from_pos_files": false,
      "footprint": "Resistor_SMD:R_0603_1608Metric",
      "graphical_items": [
        {
          "angle": null,
          "end": {
            "x": 1480000,
            "y": -730000
          },
          "layer": "F.Courtyard",
          "position": {
            "x": -1480000,
            "y": -730000
          },
          "shape": 0,
          "start": {
            "x": -1480000,
            "y": -730000
          },
          "text": null,
          "type": "PCB_SHAPE",
          "width": 50000
        },
        {
          "angle": null,
          "end": {
            "x": -1480000,
            "y": -730000
          },
          "layer": "F.Courtyard",
          "position": {
            "x": -1480000,
            "y": 730000
          },
          "shape": 0,
          "start": {
            "x": -1480000,
            "y": 730000
          },
          "text": null,
          "type": "PCB_SHAPE",
          "width": 50000
        },
        {
          "angle": null,
          "end": {
            "x": 800000,
            "y": -412500
          },
          "layer": "F.Fab",
          "position": {
            "x": -800000,
            "y": -412500
          },
          "shape": 0,
          "start": {
            "x": -800000,
            "y": -412500
          },
          "text": null,
          "type": "PCB_SHAPE",
          "width": 100000
        },
        {
          "angle": null,
          "end": {
            "x": -800000,
            "y": -412500
          },
          "layer": "F.Fab",
          "position": {
            "x": -800000,
            "y": 412500
          },
          "shape": 0,
          "start": {
            "x": -800000,
            "y": 412500
          },
          "text": null,
          "type": "PCB_SHAPE",
          "width": 100000
        },
        {
          "angle": null,
          "end": {
            "x": 237258,
            "y": -522500
          },
          "layer": "F.Silkscreen",
          "position": {
            "x": -237258,
            "y": -522500
          },
          "shape": 0,
          "start": {
            "x": -237258,
            "y": -522500
          },
          "text": null,
          "type": "PCB_SHAPE",
          "width": 120000
        },
        {
          "angle": null,
          "end": {
            "x": 237258,
            "y": 522500
          },
          "layer": "F.Silkscreen",
          "position": {
            "x": -237258,
            "y": 522500
          },
          "shape": 0,
          "start": {
            "x": -237258,
            "y": 522500
          },
          "text": null,
          "type": "PCB_SHAPE",
          "width": 120000
        },
        {
          "angle": null,
          "end": null,
          "layer": "F.Fab",
          "position": {
            "x": 0,
            "y": 0
          },
          "shape": null,
          "start": null,
          "text": "${REFERENCE}",
          "type": "PCB_TEXT",
          "width": null
        },
        {
          "angle": null,
          "end": {
            "x": 800000,
            "y": 412500
          },
          "layer": "F.Fab",
          "position": {
            "x": 800000,
            "y": -412500
          },
          "shape": 0,
          "start": {
            "x": 800000,
            "y": -412500
          },
          "text": null,
          "type": "PCB_SHAPE",
          "width": 100000
        },
        {
          "angle": null,
          "end": {
            "x": -800000,
            "y": 412500
          },
          "layer": "F.Fab",
          "position": {
            "x": 800000,
            "y": 412500
          },
          "shape": 0,
          "start": {
            "x": 800000,
            "y": 412500
          },
          "text": null,
          "type": "PCB_SHAPE",
          "width": 100000
        },
        {
          "angle": null,
          "end": {
            "x": 1480000,
            "y": 730000
          },
          "layer": "F.Courtyard",
          "position": {
            "x": 1480000,
            "y": -730000
          },
          "shape": 0,
          "start": {
            "x": 1480000,
            "y": -730000
          },
          "text": null,
          "type": "PCB_SHAPE",
          "width": 50000
        },
        {
          "angle": null,
          "end": {
            "x": -1480000,
            "y": 730000
          },
          "layer": "F.Courtyard",
          "position": {
            "x": 1480000,
            "y": 730000
          },
          "shape": 0,
          "start": {
            "x": 1480000,
            "y": 730000
          },
          "text": null,
          "type": "PCB_SHAPE",
          "width": 50000
        }
      ],
      "group": null,
      "layer": "F.Cu",
      "locked": false,
      "orientation": 0.0,
      "pads": [
        {
          "layer": "F.Cu",
          "name": "1",
          "position": {
            "x": -825000,
            "y": 0
          }
        },
        {
          "layer": "F.Cu",
          "name": "2",
          "position": {
            "x": 825000,
            "y": 0
          }
        }
      ],
      "position": {
        "x": 0,
        "y": 0
      },
      "reference": "U4",
      "uuid": "309b9b9f-c1a5-5ad1-b227-1663d19ba7c8",
      "value": "?"
    },
    {
      "dnp": false,
      "exclude_from_bom": false,
      "exclude_from_pos_files": false,
      "footprint": "Connector_PinHeader_2.54mm:PinHeader_1x01_P2.54mm_Vertical",
      "graphical_items": [
        {
          "angle": null,
          "end": {
            "x": -1770000,
            "y": 1770000
          },
          "layer": "F.Courtyard",
          "position": {
            "x": -1770000,
            "y": -1770000
          },
          "shape": 0,
          "start": {
            "x": -1770000,
            "y": -1770000
          },
          "text": null,
          "type": "PCB_SHAPE",
          "width": 50000
        },
        {
          "angle": null,
          "end": {
            "x": 1770000,
            "y": 1770000
          },
          "layer": "F.Courtyard",
          "position": {
            "x": -1770000,
            "y": 1770000
          },
          "shape": 0,
          "start": {
            "x": -1770000,
            "y": 1770000
          },
          "text": null,
          "type": "PCB_SHAPE",
          "width": 50000
        },
        {
          "angle": null,
          "end": {
            "x": 0,
            "y": -1380000
          },
          "layer": "F.Silkscreen",
          "position": {
            "x": -1380000,
            "y": -1380000
          },
          "shape": 0,
          "start": {
            "x": -1380000,
            "y": -1380000
          },
          "text": null,
          "type": "PCB_SHAPE",
          "width": 120000
        },
        {
          "angle": null,
          "end": {
            "x": -1380000,
            "y": -1380000
          },
          "layer": "F.Silkscreen",
          "position": {
            "x": -1380000,
            "y": 0
          },
          "shape": 0,
          "start": {
            "x": -1380000,
            "y": 0
          },
          "text": null,
          "type": "PCB_SHAPE",
          "width": 120000
        },
        {
          "angle": null,
          "end": {
            "x": -1380000,
            "y": 1380000
          },
          "layer": "F.Silkscreen",
          "position": {
            "x": -1380000,
            "y": 1270000
          },
          "shape": 0,
          "start": {
            "x": -1380000,
            "y": 1270000
          },
          "text": null,
          "type": "PCB_SHAPE",
          "width": 120000
        },
        {
          "angle": null,
          "end": {
            "x": 1380000,
            "y": 1270000
          },
          "layer": "F.Silkscreen",
          "position": {
            "x": -1380000,
            "y": 1270000
          },
          "shape": 0,
          "start": {
            "x": -1380000,
            "y": 1270000
          },
          "text": null,
          "type": "PCB_SHAPE",
          "width": 120000
        },
        {
          "angle": null,
          "end": {
            "x": 1380000,
            "y": 1380000
          },
          "layer": "F.Silkscreen",
          "position": {
            "x": -1380000,
            "y": 1380000
          },
          "shape": 0,
          "start": {
            "x": -1380000,
            "y": 1380000
          },
          "text": null,
          "type": "PCB_SHAPE",
          "width": 120000
        },
        {
          "angle": null,
          "end": {
            "x": -635000,
            "y": -1270000
          },
          "layer": "F.Fab",
          "position": {
            "x": -1270000,
            "y": -635000
          },
          "shape": 0,
          "start": {
            "x": -1270000,
            "y": -635000
          },
          "text": null,
          "type": "PCB_SHAPE",
          "width": 100000
        },
        {
          "angle": null,
          "end": {
            "x": -1270000,
            "y": -635000
          },
          "layer": "F.Fab",
          "position": {
            "x": -1270000,
            "y": 1270000
          },
          "shape": 0,
          "start": {
            "x": -1270000,
            "y": 1270000
          },
          "text": null,
          "type": "PCB_SHAPE",
          "width": 100000
        },
        {
          "angle": null,
          "end": {
            "x": 1270000,
            "y": -1270000
          },
          "layer": "F.Fab",
          "position": {
            "x": -635000,
            "y": -1270000
          },
          "shape": 0,
          "start": {
            "x": -635000,
            "y": -1270000
          },
          "text": null,
          "type": "PCB_SHAPE",
          "width": 100000
        },
        {
          "angle": null,
          "end": null,
          "layer": "F.Fab",
          "position": {
            "x": 0,
            "y": 0
          },
          "shape": null,
          "start": null,
          "text": "${REFERENCE}",
          "type": "PCB_TEXT",
          "width": null
        },
        {
          "angle": null,
          "end": {
            "x": 1270000,
            "y": 1270000
          },
          "layer": "F.Fab",
          "position": {
            "x": 1270000,
            "y": -1270000
          },
          "shape": 0,
          "start": {
            "x": 1270000,
            "y": -1270000
          },
          "text": null,
          "type": "PCB_SHAPE",
          "width": 100000
        },
        {
          "angle": null,
          "end": {
            "x": -1270000,
            "y": 1270000
          },
          "layer": "F.Fab",
          "position": {
            "x": 1270000,
            "y": 1270000
          },
          "shape": 0,
          "start": {
            "x": 1270000,
            "y": 1270000
          },
          "text": null,
          "type": "PCB_SHAPE",
          "width": 100000
        },
        {
          "angle": null,
          "end": {
            "x": 1380000,
            "y": 1380000
          },
          "layer": "F.Silkscreen",
          "position": {
            "x": 1380000,
            "y": 1270000
          },
          "shape": 0,
          "start": {
            "x": 1380000,
            "y": 1270000
          },
          "text": null,
          "type": "PCB_SHAPE",
          "width": 120000
        },
        {
          "angle": null,
          "end": {
            "x": -1770000,
            "y": -1770000
          },
          "layer": "F.Courtyard",
          "position": {
            "x": 1770000,
            "y": -1770000
          },
          "shape": 0,
          "start": {
            "x": 1770000,
            "y": -1770000
          },
          "text": null,
          "type": "PCB_SHAPE",
          "width": 50000
        },
        {
          "angle": null,
          "end": {
            "x": 1770000,
            "y": -1770000
          },
          "layer": "F.Courtyard",
          "position": {
            "x": 1770000,
            "y": 1770000
          },
          "shape": 0,
          "start": {
            "x": 1770000,
            "y": 1770000
          },
          "text": null,
          "type": "PCB_SHAPE",
          "width": 50000
        }
      ],
      "group": null,
      "layer": "F.Cu",
      "locked": false,
      "orientation": 0.0,
      "pads": [
        {
          "layer": "F.Cu",
          "name": "1",
          "position": {
            "x": 0,
            "y": 0
          }
        }
      ],
      "position": {
        "x": 0,
        "y": 0
      },
      "reference": "U3",
      "uuid": "36c85f89-8191-5cff-96a2-01503cd7115a",
      "value": "?"
    },
    {
      "dnp": false,
      "exclude_from_bom": false,
      "exclude_from_pos_files": false,
      "footprint": "Connector_PinHeader_2.54mm:PinHeader_2x05_P2.54mm_Vertical",
      "graphical_items": [
        {
          "angle": null,
          "end": {
            "x": -1770000,
            "y": 11930000
          },
          "layer": "F.Courtyard",
          "position": {
            "x": -1770000,
            "y": -1770000
          },
          "shape": 0,
          "start": {
            "x": -1770000,
            "y": -1770000
          },
          "text": null,
          "type": "PCB_SHAPE",
          "width": 50000
        },
        {
          "angle": null,
          "end": {
            "x": 4320000,
            "y": 11930000
          },
          "layer": "F.Courtyard",
          "position": {
            "x": -1770000,
            "y": 11930000
          },
          "shape": 0,
          "start": {
            "x": -1770000,
            "y": 11930000
          },
          "text": null,
          "type": "PCB_SHAPE",
          "width": 50000
        },
        {
          "angle": null,
          "end": {
            "x": 0,
            "y": -1380000
          },
          "layer": "F.Silkscreen",
          "position": {
            "x": -1380000,
            "y": -1380000
          },
          "shape": 0,
          "start": {
            "x": -1380000,
            "y": -1380000
          },
          "text": null,
          "type": "PCB_SHAPE",
          "width": 120000
        },
        {
          "angle": null,
          "end": {
            "x": -1380000,
            "y": -1380000
          },
          "layer": "F.Silkscreen",
          "position": {
            "x": -1380000,
            "y": 0
          },
          "shape": 0,
          "start": {
            "x": -1380000,
            "y": 0
          },
          "text": null,
          "type": "PCB_SHAPE",
          "width": 120000
        },
        {
          "angle": null,
          "end": {
            "x": -1380000,
            "y": 11540000
          },
          "layer": "F.Silkscreen",
          "position": {
            "x": -1380000,
            "y": 1270000
          },
          "shape": 0,
          "start": {
            "x": -1380000,
            "y": 1270000
          },
          "text": null,
          "type": "PCB_SHAPE",
          "width": 120000
        },
        {
          "angle": null,
          "end": {
            "x": 1270000,
            "y": 1270000
          },
          "layer": "F.Silkscreen",
          "position": {
            "x": -1380000,
            "y": 1270000
          },
          "shape": 0,
          "start": {
            "x": -1380000,
            "y": 1270000
          },
          "text": null,
          "type": "PCB_SHAPE",
          "width": 120000
        },
        {
          "angle": null,
          "end": {
            "x": 3920000,
            "y": 11540000
          },
          "layer": "F.Silkscreen",
          "position": {
            "x": -1380000,
            "y": 11540000
          },
          "shape": 0,
          "start": {
            "x": -1380000,
            "y": 11540000
          },
          "text": null,
          "type": "PCB_SHAPE",
          "width": 120000
        },
        {
          "angle": null,
          "end": {
            "x": 0,
            "y": -1270000
          },
          "layer": "F.Fab",
          "position": {
            "x": -1270000,
            "y": 0
          },
          "shape": 0,
          "start": {
            "x": -1270000,
            "y": 0
          },
          "text": null,
          "type": "PCB_SHAPE",
          "width": 100000
        },
        {
          "angle": null,
          "end": {
            "x": -1270000,
            "y": 0
          },
          "layer": "F.Fab",
          "position": {
            "x": -1270000,
            "y": 11430000
          },
          "shape": 0,
          "start": {
            "x": -1270000,
            "y": 11430000
          },
          "text": null,
          "type": "PCB_SHAPE",
          "width": 100000
        },
        {
          "angle": null,
          "end": {
            "x": 3810000,
            "y": -1270000
          },
          "layer": "F.Fab",
          "position": {
            "x": 0,
            "y": -1270000
          },
          "shape": 0,
          "start": {
            "x": 0,
            "y": -1270000
          },
          "text": null,
          "type": "PCB_SHAPE",
          "width": 100000
        },
        {
          "angle": null,
          "end": {
            "x": 3920000,
            "y": -1380000
          },
          "layer": "F.Silkscreen",
          "position": {
            "x": 1270000,
            "y": -1380000
          },
          "shape": 0,
          "start": {
            "x": 1270000,
            "y": -1380000
          },
          "text": null,
          "type": "PCB_SHAPE",
          "width": 120000
        },
        {
          "angle": null,
          "end": {
            "x": 1270000,
            "y": -1380000
          },
          "layer": "F.Silkscreen",
          "position": {
            "x": 1270000,
            "y": 1270000
          },
          "shape": 0,
          "start": {
            "x": 1270000,
            "y": 1270000
          },
          "text": null,
          "type": "PCB_SHAPE",
          "width": 120000
        },
        {
          "angle": null,
          "end": null,
          "layer": "F.Fab",
          "position": {
            "x": 1270000,
            "y": 5080000
          },
          "shape": null,
          "start": null,
          "text": "${REFERENCE}",
          "type": "PCB_TEXT",
          "width": null
        },
        {
          "angle": null,
          "end": {
            "x": 3810000,
            "y": 11430000
          },
          "layer": "F.Fab",
          "position": {
            "x": 3810000,
            "y": -1270000
          },
          "shape": 0,
          "start": {
            "x": 3810000,
            "y": -1270000
          },
          "text": null,
          "type": "PCB_SHAPE",
          "width": 100000
        },
        {
          "angle": null,
          "end": {
            "x": -1270000,
            "y": 11430000
          },
          "layer": "F.Fab",
          "position": {
            "x": 3810000,
            "y": 11430000
          },
          "shape": 0,
          "start": {
            "x": 3810000,
            "y": 11430000
          },
          "text": null,
          "type": "PCB_SHAPE",
          "width": 100000
        },
        {
          "angle": null,
          "end": {
            "x": 3920000,
            "y": 11540000
          },
          "layer": "F.Silkscreen",
          "position": {
            "x": 3920000,
            "y": -1380000
          },
          "shape": 0,
          "start": {
            "x": 3920000,
            "y": -1380000
          },
          "text": null,
          "type": "PCB_SHAPE",
          "width": 120000
        },
        {
          "angle": null,
          "end": {
            "x": -1770000,
            "y": -1770000
          },
          "layer": "F.Courtyard",
          "position": {
            "x": 4320000,
            "y": -1770000
          },
          "shape": 0,
          "start": {
            "x": 4320000,
            "y": -1770000
          },
          "text": null,
          "type": "PCB_SHAPE",
          "width": 50000
        },
        {
          "angle": null,
          "end": {
            "x": 4320000,
            "y": -1770000
          },
          "layer": "F.Courtyard",
          "position": {
            "x": 4320000,
            "y": 11930000
          },
          "shape": 0,
          "start": {
            "x": 4320000,
            "y": 11930000
          },
          "text": null,
          "type": "PCB_SHAPE",
          "width": 50000
        }
      ],
      "group": null,
      "layer": "F.Cu",
      "locked": false,
      "orientation": 0.0,
      "pads": [
        {
          "layer": "F.Cu",
          "name": "1",
          "position": {
            "x": 0,
            "y": 0
          }
        },
        {
          "layer": "F.Cu",
          "name": "2",
          "position": {
            "x": 2540000,
            "y": 0
          }
        },
        {
          "layer": "F.Cu",
          "name": "3",
          "position": {
            "x": 0,
            "y": 2540000
          }
        },
        {
          "layer": "F.Cu",
          "name": "4",
          "position": {
            "x": 2540000,
            "y": 2540000
          }
        },
        {
          "layer": "F.Cu",
          "name": "5",
          "position": {
            "x": 0,
            "y": 5080000
          }
        },
        {
          "layer": "F.Cu",
          "name": "6",
          "position": {
            "x": 2540000,
            "y": 5080000
          }
        },
        {
          "layer": "F.Cu",
          "name": "7",
          "position": {
            "x": 0,
            "y": 7620000
          }
        },
        {
          "layer": "F.Cu",
          "name": "8",
          "position": {
            "x": 2540000,
            "y": 7620000
          }
        },
        {
          "layer": "F.Cu",
          "name": "9",
          "position": {
            "x": 0,
            "y": 10160000
          }
        },
        {
          "layer": "F.Cu",
          "name": "10",
          "position": {
            "x": 2540000,
            "y": 10160000
          }
        }
      ],
      "position": {
        "x": 0,
        "y": 0
      },
      "reference": "U2",
      "uuid": "bb9170a7-68d4-539c-bed9-f036cbc8d7db",
      "value": "?"
    },
    {
      "dnp": false,
      "exclude_from_bom": false,
      "exclude_from_pos_files": false,
      "footprint": "Resistor_SMD:R_0603_1608Metric",
      "graphical_items": [
        {
          "angle": null,
          "end": {
            "x": 1480000,
            "y": -730000
          },
          "layer": "F.Courtyard",
          "position": {
            "x": -1480000,
            "y": -730000
          },
          "shape": 0,
          "start": {
            "x": -1480000,
            "y": -730000
          },
          "text": null,
          "type": "PCB_SHAPE",
          "width": 50000
        },
        {
          "angle": null,
          "end": {
            "x": -1480000,
            "y": -730000
          },
          "layer": "F.Courtyard",
          "position": {
            "x": -1480000,
            "y": 730000
          },
          "shape": 0,
          "start": {
            "x": -1480000,
            "y": 730000
          },
          "text": null,
          "type": "PCB_SHAPE",
          "width": 50000
        },
        {
          "angle": null,
          "end": {
            "x": 800000,
            "y": -412500
          },
          "layer": "F.Fab",
          "position": {
            "x": -800000,
            "y": -412500
          },
          "shape": 0,
          "start": {
            "x": -800000,
            "y": -412500
          },
          "text": null,
          "type": "PCB_SHAPE",
          "width": 100000
        },
        {
          "angle": null,
          "end": {
            "x": -800000,
            "y": -412500
          },
          "layer": "F.Fab",
          "position": {
            "x": -800000,
            "y": 412500
          },
          "shape": 0,
          "start": {
            "x": -800000,
            "y": 412500
          },
          "text": null,
          "type": "PCB_SHAPE",
          "width": 100000
        },
        {
          "angle": null,
          "end": {
            "x": 237258,
            "y": -522500
          },
          "layer": "F.Silkscreen",
          "position": {
            "x": -237258,
            "y": -522500
          },
          "shape": 0,
          "start": {
            "x": -237258,
            "y": -522500
          },
          "text": null,
          "type": "PCB_SHAPE",
          "width": 120000
        },
        {
          "angle": null,
          "end": {
            "x": 237258,
            "y": 522500
          },
          "layer": "F.Silkscreen",
          "position": {
            "x": -237258,
            "y": 522500
          },
          "shape": 0,
          "start": {
            "x": -237258,
            "y": 522500
          },
          "text": null,
          "type": "PCB_SHAPE",
          "width": 120000
        },
        {
          "angle": null,
          "end": null,
          "layer": "F.Fab",
          "position": {
            "x": 0,
            "y": 0
          },
          "shape": null,
          "start": null,
          "text": "${REFERENCE}",
          "type": "PCB_TEXT",
          "width": null
        },
        {
          "angle": null,
          "end": {
            "x": 800000,
            "y": 412500
          },
          "layer": "F.Fab",
          "position": {
            "x": 800000,
            "y": -412500
          },
          "shape": 0,
          "start": {
            "x": 800000,
            "y": -412500
          },
          "text": null,
          "type": "PCB_SHAPE",
          "width": 100000
        },
        {
          "angle": null,
          "end": {
            "x": -800000,
            "y": 412500
          },
          "layer": "F.Fab",
          "position": {
            "x": 800000,
            "y": 412500
          },
          "shape": 0,
          "start": {
            "x": 800000,
            "y": 412500
          },
          "text": null,
          "type": "PCB_SHAPE",
          "width": 100000
        },
        {
          "angle": null,
          "end": {
            "x": 1480000,
            "y": 730000
          },
          "layer": "F.Courtyard",
          "position": {
            "x": 1480000,
            "y": -730000
          },
          "shape": 0,
          "start": {
            "x": 1480000,
            "y": -730000
          },
          "text": null,
          "type": "PCB_SHAPE",
          "width": 50000
        },
        {
          "angle": null,
          "end": {
            "x": -1480000,
            "y": 730000
          },
          "layer": "F.Courtyard",
          "position": {
            "x": 1480000,
            "y": 730000
          },
          "shape": 0,
          "start": {
            "x": 1480000,
            "y": 730000
          },
          "text": null,
          "type": "PCB_SHAPE",
          "width": 50000
        }
      ],
      "group": null,
      "layer": "F.Cu",
      "locked": false,
      "orientation": 0.0,
      "pads": [
        {
          "layer": "F.Cu",
          "name": "1",
          "position": {
            "x": -825000,
            "y": 0
          }
        },
        {
          "layer": "F.Cu",
          "name": "2",
          "position": {
            "x": 825000,
            "y": 0
          }
        }
      ],
      "position": {
        "x": 0,
        "y": 0
      },
      "reference": "U1",
      "uuid": "d46924ad-0704-596b-aec7-b052974f9171",
      "value": "?"
    }
  ],
  "groups": [],
  "tracks": [],
  "vias": [],
  "zones": []
}
