---
source: crates/pcb-layout/tests/layout_generation.rs
expression: content
---
{
  "footprints": [
    {
      "dnp": false,
      "exclude_from_bom": false,
      "exclude_from_pos_files": false,
      "footprint": "R_0603_1608Metric:R_0603_1608Metric",
      "graphical_items": [
        {
          "angle": null,
          "end": null,
          "layer": "F.Fab",
          "position": {
            "x": 148500000,
            "y": 104245000
          },
          "shape": null,
          "start": null,
          "text": "${REFERENCE}",
          "type": "PCB_TEXT",
          "width": null
        },
        {
          "angle": null,
          "end": {
            "x": 147020000,
            "y": 103515000
          },
          "layer": "F.Courtyard",
          "position": {
            "x": 147020000,
            "y": 104975000
          },
          "shape": 0,
          "start": {
            "x": 147020000,
            "y": 104975000
          },
          "text": null,
          "type": "PCB_SHAPE",
          "width": 50000
        },
        {
          "angle": null,
          "end": {
            "x": 147020000,
            "y": 104975000
          },
          "layer": "F.Courtyard",
          "position": {
            "x": 149980000,
            "y": 104975000
          },
          "shape": 0,
          "start": {
            "x": 149980000,
            "y": 104975000
          },
          "text": null,
          "type": "PCB_SHAPE",
          "width": 50000
        },
        {
          "angle": null,
          "end": {
            "x": 147700000,
            "y": 103832500
          },
          "layer": "F.Fab",
          "position": {
            "x": 147700000,
            "y": 104657500
          },
          "shape": 0,
          "start": {
            "x": 147700000,
            "y": 104657500
          },
          "text": null,
          "type": "PCB_SHAPE",
          "width": 100000
        },
        {
          "angle": null,
          "end": {
            "x": 147700000,
            "y": 104657500
          },
          "layer": "F.Fab",
          "position": {
            "x": 149300000,
            "y": 104657500
          },
          "shape": 0,
          "start": {
            "x": 149300000,
            "y": 104657500
          },
          "text": null,
          "type": "PCB_SHAPE",
          "width": 100000
        },
        {
          "angle": null,
          "end": {
            "x": 148737258,
            "y": 103722500
          },
          "layer": "F.Silkscreen",
          "position": {
            "x": 148262742,
            "y": 103722500
          },
          "shape": 0,
          "start": {
            "x": 148262742,
            "y": 103722500
          },
          "text": null,
          "type": "PCB_SHAPE",
          "width": 120000
        },
        {
          "angle": null,
          "end": {
            "x": 148737258,
            "y": 104767500
          },
          "layer": "F.Silkscreen",
          "position": {
            "x": 148262742,
            "y": 104767500
          },
          "shape": 0,
          "start": {
            "x": 148262742,
            "y": 104767500
          },
          "text": null,
          "type": "PCB_SHAPE",
          "width": 120000
        },
        {
          "angle": null,
          "end": {
            "x": 149300000,
            "y": 103832500
          },
          "layer": "F.Fab",
          "position": {
            "x": 147700000,
            "y": 103832500
          },
          "shape": 0,
          "start": {
            "x": 147700000,
            "y": 103832500
          },
          "text": null,
          "type": "PCB_SHAPE",
          "width": 100000
        },
        {
          "angle": null,
          "end": {
            "x": 149300000,
            "y": 104657500
          },
          "layer": "F.Fab",
          "position": {
            "x": 149300000,
            "y": 103832500
          },
          "shape": 0,
          "start": {
            "x": 149300000,
            "y": 103832500
          },
          "text": null,
          "type": "PCB_SHAPE",
          "width": 100000
        },
        {
          "angle": null,
          "end": {
            "x": 149980000,
            "y": 103515000
          },
          "layer": "F.Courtyard",
          "position": {
            "x": 147020000,
            "y": 103515000
          },
          "shape": 0,
          "start": {
            "x": 147020000,
            "y": 103515000
          },
          "text": null,
          "type": "PCB_SHAPE",
          "width": 50000
        },
        {
          "angle": null,
          "end": {
            "x": 149980000,
            "y": 104975000
          },
          "layer": "F.Courtyard",
          "position": {
            "x": 149980000,
            "y": 103515000
          },
          "shape": 0,
          "start": {
            "x": 149980000,
            "y": 103515000
          },
          "text": null,
          "type": "PCB_SHAPE",
          "width": 50000
        }
      ],
      "group": "G2",
      "layer": "F.Cu",
      "locked": false,
      "orientation": 0.0,
      "pads": [
        {
          "layer": "F.Cu",
          "name": "1",
          "position": {
            "x": 147675000,
            "y": 104245000
          }
        },
        {
          "layer": "F.Cu",
          "name": "2",
          "position": {
            "x": 149325000,
            "y": 104245000
          }
        }
      ],
      "position": {
        "x": 148500000,
        "y": 104245000
      },
      "reference": "R2",
      "uuid": "2ba08c22-a09d-5491-8742-588578b67c57",
      "value": "1k"
    },
    {
      "dnp": false,
      "exclude_from_bom": false,
      "exclude_from_pos_files": false,
      "footprint": "R_0603_1608Metric:R_0603_1608Metric",
      "graphical_items": [
        {
          "angle": null,
          "end": null,
          "layer": "F.Fab",
          "position": {
            "x": 148500000,
            "y": 105755000
          },
          "shape": null,
          "start": null,
          "text": "${REFERENCE}",
          "type": "PCB_TEXT",
          "width": null
        },
        {
          "angle": null,
          "end": {
            "x": 147020000,
            "y": 105025000
          },
          "layer": "F.Courtyard",
          "position": {
            "x": 147020000,
            "y": 106485000
          },
          "shape": 0,
          "start": {
            "x": 147020000,
            "y": 106485000
          },
          "text": null,
          "type": "PCB_SHAPE",
          "width": 50000
        },
        {
          "angle": null,
          "end": {
            "x": 147020000,
            "y": 106485000
          },
          "layer": "F.Courtyard",
          "position": {
            "x": 149980000,
            "y": 106485000
          },
          "shape": 0,
          "start": {
            "x": 149980000,
            "y": 106485000
          },
          "text": null,
          "type": "PCB_SHAPE",
          "width": 50000
        },
        {
          "angle": null,
          "end": {
            "x": 147700000,
            "y": 105342500
          },
          "layer": "F.Fab",
          "position": {
            "x": 147700000,
            "y": 106167500
          },
          "shape": 0,
          "start": {
            "x": 147700000,
            "y": 106167500
          },
          "text": null,
          "type": "PCB_SHAPE",
          "width": 100000
        },
        {
          "angle": null,
          "end": {
            "x": 147700000,
            "y": 106167500
          },
          "layer": "F.Fab",
          "position": {
            "x": 149300000,
            "y": 106167500
          },
          "shape": 0,
          "start": {
            "x": 149300000,
            "y": 106167500
          },
          "text": null,
          "type": "PCB_SHAPE",
          "width": 100000
        },
        {
          "angle": null,
          "end": {
            "x": 148737258,
            "y": 105232500
          },
          "layer": "F.Silkscreen",
          "position": {
            "x": 148262742,
            "y": 105232500
          },
          "shape": 0,
          "start": {
            "x": 148262742,
            "y": 105232500
          },
          "text": null,
          "type": "PCB_SHAPE",
          "width": 120000
        },
        {
          "angle": null,
          "end": {
            "x": 148737258,
            "y": 106277500
          },
          "layer": "F.Silkscreen",
          "position": {
            "x": 148262742,
            "y": 106277500
          },
          "shape": 0,
          "start": {
            "x": 148262742,
            "y": 106277500
          },
          "text": null,
          "type": "PCB_SHAPE",
          "width": 120000
        },
        {
          "angle": null,
          "end": {
            "x": 149300000,
            "y": 105342500
          },
          "layer": "F.Fab",
          "position": {
            "x": 147700000,
            "y": 105342500
          },
          "shape": 0,
          "start": {
            "x": 147700000,
            "y": 105342500
          },
          "text": null,
          "type": "PCB_SHAPE",
          "width": 100000
        },
        {
          "angle": null,
          "end": {
            "x": 149300000,
            "y": 106167500
          },
          "layer": "F.Fab",
          "position": {
            "x": 149300000,
            "y": 105342500
          },
          "shape": 0,
          "start": {
            "x": 149300000,
            "y": 105342500
          },
          "text": null,
          "type": "PCB_SHAPE",
          "width": 100000
        },
        {
          "angle": null,
          "end": {
            "x": 149980000,
            "y": 105025000
          },
          "layer": "F.Courtyard",
          "position": {
            "x": 147020000,
            "y": 105025000
          },
          "shape": 0,
          "start": {
            "x": 147020000,
            "y": 105025000
          },
          "text": null,
          "type": "PCB_SHAPE",
          "width": 50000
        },
        {
          "angle": null,
          "end": {
            "x": 149980000,
            "y": 106485000
          },
          "layer": "F.Courtyard",
          "position": {
            "x": 149980000,
            "y": 105025000
          },
          "shape": 0,
          "start": {
            "x": 149980000,
            "y": 105025000
          },
          "text": null,
          "type": "PCB_SHAPE",
          "width": 50000
        }
      ],
      "group": "G1",
      "layer": "F.Cu",
      "locked": false,
      "orientation": 0.0,
      "pads": [
        {
          "layer": "F.Cu",
          "name": "1",
          "position": {
            "x": 147675000,
            "y": 105755000
          }
        },
        {
          "layer": "F.Cu",
          "name": "2",
          "position": {
            "x": 149325000,
            "y": 105755000
          }
        }
      ],
      "position": {
        "x": 148500000,
        "y": 105755000
      },
      "reference": "R1",
      "uuid": "4fc690f2-23e4-5e16-abe2-8d5d3563b7e6",
      "value": "1k"
    }
  ],
  "groups": [
    {
      "bounding_box": {
        "bottom": 105795000,
        "left": 146450000,
        "right": 150550000,
        "top": 101716750
      },
      "drawings": [
        {
          "angle": null,
          "end": {
            "x": 146750000,
            "y": 105495000
          },
          "layer": "B.Silkscreen",
          "position": {
            "x": 150250000,
            "y": 105495000
          },
          "shape": 0,
          "start": {
            "x": 150250000,
            "y": 105495000
          },
          "text": null,
          "type": "PCB_SHAPE",
          "width": 100000
        },
        {
          "angle": null,
          "end": {
            "x": 150250000,
            "y": 102995000
          },
          "layer": "F.Silkscreen",
          "position": {
            "x": 146750000,
            "y": 102995000
          },
          "shape": 0,
          "start": {
            "x": 146750000,
            "y": 102995000
          },
          "text": null,
          "type": "PCB_SHAPE",
          "width": 100000
        }
      ],
      "footprints": [
        "2ba08c22-a09d-5491-8742-588578b67c57"
      ],
      "locked": false,
      "name": "G2"
    },
    {
      "bounding_box": {
        "bottom": 107305000,
        "left": 146450000,
        "right": 150550000,
        "top": 103226750
      },
      "drawings": [
        {
          "angle": null,
          "end": {
            "x": 146750000,
            "y": 107005000
          },
          "layer": "B.Silkscreen",
          "position": {
            "x": 150250000,
            "y": 107005000
          },
          "shape": 0,
          "start": {
            "x": 150250000,
            "y": 107005000
          },
          "text": null,
          "type": "PCB_SHAPE",
          "width": 100000
        },
        {
          "angle": null,
          "end": {
            "x": 150250000,
            "y": 104505000
          },
          "layer": "F.Silkscreen",
          "position": {
            "x": 146750000,
            "y": 104505000
          },
          "shape": 0,
          "start": {
            "x": 146750000,
            "y": 104505000
          },
          "text": null,
          "type": "PCB_SHAPE",
          "width": 100000
        }
      ],
      "footprints": [
        "4fc690f2-23e4-5e16-abe2-8d5d3563b7e6"
      ],
      "locked": false,
      "name": "G1"
    }
  ],
  "tracks": [],
  "vias": [],
  "zones": []
}
