---
source: crates/pcb-layout/tests/layout_generation.rs
expression: content
---
{
  "footprints": [
    {
      "dnp": false,
      "exclude_from_bom": false,
      "footprint": "R_0603_1608Metric:R_0603_1608Metric",
      "graphical_items": [
        {
          "angle": null,
          "end": {
            "x": 147480000,
            "y": 95770000
          },
          "layer": "F.Courtyard",
          "position": {
            "x": 144520000,
            "y": 95770000
          },
          "shape": 0,
          "start": {
            "x": 144520000,
            "y": 95770000
          },
          "text": null,
          "type": "PCB_SHAPE",
          "width": 50000
        },
        {
          "angle": null,
          "end": {
            "x": 144520000,
            "y": 95770000
          },
          "layer": "F.Courtyard",
          "position": {
            "x": 144520000,
            "y": 97230000
          },
          "shape": 0,
          "start": {
            "x": 144520000,
            "y": 97230000
          },
          "text": null,
          "type": "PCB_SHAPE",
          "width": 50000
        },
        {
          "angle": null,
          "end": {
            "x": 146800000,
            "y": 96087500
          },
          "layer": "F.Fab",
          "position": {
            "x": 145200000,
            "y": 96087500
          },
          "shape": 0,
          "start": {
            "x": 145200000,
            "y": 96087500
          },
          "text": null,
          "type": "PCB_SHAPE",
          "width": 100000
        },
        {
          "angle": null,
          "end": {
            "x": 145200000,
            "y": 96087500
          },
          "layer": "F.Fab",
          "position": {
            "x": 145200000,
            "y": 96912500
          },
          "shape": 0,
          "start": {
            "x": 145200000,
            "y": 96912500
          },
          "text": null,
          "type": "PCB_SHAPE",
          "width": 100000
        },
        {
          "angle": null,
          "end": {
            "x": 146237258,
            "y": 95977500
          },
          "layer": "F.Silkscreen",
          "position": {
            "x": 145762742,
            "y": 95977500
          },
          "shape": 0,
          "start": {
            "x": 145762742,
            "y": 95977500
          },
          "text": null,
          "type": "PCB_SHAPE",
          "width": 120000
        },
        {
          "angle": null,
          "end": {
            "x": 146237258,
            "y": 97022500
          },
          "layer": "F.Silkscreen",
          "position": {
            "x": 145762742,
            "y": 97022500
          },
          "shape": 0,
          "start": {
            "x": 145762742,
            "y": 97022500
          },
          "text": null,
          "type": "PCB_SHAPE",
          "width": 120000
        },
        {
          "angle": null,
          "end": null,
          "layer": "F.Fab",
          "position": {
            "x": 146000000,
            "y": 96500000
          },
          "shape": null,
          "start": null,
          "text": "${REFERENCE}",
          "type": "PCB_TEXT",
          "width": null
        },
        {
          "angle": null,
          "end": {
            "x": 146800000,
            "y": 96912500
          },
          "layer": "F.Fab",
          "position": {
            "x": 146800000,
            "y": 96087500
          },
          "shape": 0,
          "start": {
            "x": 146800000,
            "y": 96087500
          },
          "text": null,
          "type": "PCB_SHAPE",
          "width": 100000
        },
        {
          "angle": null,
          "end": {
            "x": 145200000,
            "y": 96912500
          },
          "layer": "F.Fab",
          "position": {
            "x": 146800000,
            "y": 96912500
          },
          "shape": 0,
          "start": {
            "x": 146800000,
            "y": 96912500
          },
          "text": null,
          "type": "PCB_SHAPE",
          "width": 100000
        },
        {
          "angle": null,
          "end": {
            "x": 147480000,
            "y": 97230000
          },
          "layer": "F.Courtyard",
          "position": {
            "x": 147480000,
            "y": 95770000
          },
          "shape": 0,
          "start": {
            "x": 147480000,
            "y": 95770000
          },
          "text": null,
          "type": "PCB_SHAPE",
          "width": 50000
        },
        {
          "angle": null,
          "end": {
            "x": 144520000,
            "y": 97230000
          },
          "layer": "F.Courtyard",
          "position": {
            "x": 147480000,
            "y": 97230000
          },
          "shape": 0,
          "start": {
            "x": 147480000,
            "y": 97230000
          },
          "text": null,
          "type": "PCB_SHAPE",
          "width": 50000
        }
      ],
      "group": "MyModule",
      "layer": "F.Cu",
      "locked": false,
      "orientation": 0.0,
      "pads": [
        {
          "layer": "F.Cu",
          "name": "1",
          "position": {
            "x": 145175000,
            "y": 96500000
          }
        },
        {
          "layer": "F.Cu",
          "name": "2",
          "position": {
            "x": 146825000,
            "y": 96500000
          }
        }
      ],
      "position": {
        "x": 146000000,
        "y": 96500000
      },
      "reference": "R1",
      "uuid": "c28e397c-068f-513d-9cce-7ba0992086d6",
      "value": "1k"
    },
    {
      "dnp": false,
      "exclude_from_bom": false,
      "footprint": "R_0603_1608Metric:R_0603_1608Metric",
      "graphical_items": [
        {
          "angle": null,
          "end": {
            "x": 150480000,
            "y": 95770000
          },
          "layer": "F.Courtyard",
          "position": {
            "x": 147520000,
            "y": 95770000
          },
          "shape": 0,
          "start": {
            "x": 147520000,
            "y": 95770000
          },
          "text": null,
          "type": "PCB_SHAPE",
          "width": 50000
        },
        {
          "angle": null,
          "end": {
            "x": 147520000,
            "y": 95770000
          },
          "layer": "F.Courtyard",
          "position": {
            "x": 147520000,
            "y": 97230000
          },
          "shape": 0,
          "start": {
            "x": 147520000,
            "y": 97230000
          },
          "text": null,
          "type": "PCB_SHAPE",
          "width": 50000
        },
        {
          "angle": null,
          "end": {
            "x": 149800000,
            "y": 96087500
          },
          "layer": "F.Fab",
          "position": {
            "x": 148200000,
            "y": 96087500
          },
          "shape": 0,
          "start": {
            "x": 148200000,
            "y": 96087500
          },
          "text": null,
          "type": "PCB_SHAPE",
          "width": 100000
        },
        {
          "angle": null,
          "end": {
            "x": 148200000,
            "y": 96087500
          },
          "layer": "F.Fab",
          "position": {
            "x": 148200000,
            "y": 96912500
          },
          "shape": 0,
          "start": {
            "x": 148200000,
            "y": 96912500
          },
          "text": null,
          "type": "PCB_SHAPE",
          "width": 100000
        },
        {
          "angle": null,
          "end": {
            "x": 149237258,
            "y": 95977500
          },
          "layer": "F.Silkscreen",
          "position": {
            "x": 148762742,
            "y": 95977500
          },
          "shape": 0,
          "start": {
            "x": 148762742,
            "y": 95977500
          },
          "text": null,
          "type": "PCB_SHAPE",
          "width": 120000
        },
        {
          "angle": null,
          "end": {
            "x": 149237258,
            "y": 97022500
          },
          "layer": "F.Silkscreen",
          "position": {
            "x": 148762742,
            "y": 97022500
          },
          "shape": 0,
          "start": {
            "x": 148762742,
            "y": 97022500
          },
          "text": null,
          "type": "PCB_SHAPE",
          "width": 120000
        },
        {
          "angle": null,
          "end": null,
          "layer": "F.Fab",
          "position": {
            "x": 149000000,
            "y": 96500000
          },
          "shape": null,
          "start": null,
          "text": "${REFERENCE}",
          "type": "PCB_TEXT",
          "width": null
        },
        {
          "angle": null,
          "end": {
            "x": 149800000,
            "y": 96912500
          },
          "layer": "F.Fab",
          "position": {
            "x": 149800000,
            "y": 96087500
          },
          "shape": 0,
          "start": {
            "x": 149800000,
            "y": 96087500
          },
          "text": null,
          "type": "PCB_SHAPE",
          "width": 100000
        },
        {
          "angle": null,
          "end": {
            "x": 148200000,
            "y": 96912500
          },
          "layer": "F.Fab",
          "position": {
            "x": 149800000,
            "y": 96912500
          },
          "shape": 0,
          "start": {
            "x": 149800000,
            "y": 96912500
          },
          "text": null,
          "type": "PCB_SHAPE",
          "width": 100000
        },
        {
          "angle": null,
          "end": {
            "x": 150480000,
            "y": 97230000
          },
          "layer": "F.Courtyard",
          "position": {
            "x": 150480000,
            "y": 95770000
          },
          "shape": 0,
          "start": {
            "x": 150480000,
            "y": 95770000
          },
          "text": null,
          "type": "PCB_SHAPE",
          "width": 50000
        },
        {
          "angle": null,
          "end": {
            "x": 147520000,
            "y": 97230000
          },
          "layer": "F.Courtyard",
          "position": {
            "x": 150480000,
            "y": 97230000
          },
          "shape": 0,
          "start": {
            "x": 150480000,
            "y": 97230000
          },
          "text": null,
          "type": "PCB_SHAPE",
          "width": 50000
        }
      ],
      "group": "MyModule",
      "layer": "F.Cu",
      "locked": false,
      "orientation": 0.0,
      "pads": [
        {
          "layer": "F.Cu",
          "name": "1",
          "position": {
            "x": 148175000,
            "y": 96500000
          }
        },
        {
          "layer": "F.Cu",
          "name": "2",
          "position": {
            "x": 149825000,
            "y": 96500000
          }
        }
      ],
      "position": {
        "x": 149000000,
        "y": 96500000
      },
      "reference": "R2",
      "uuid": "fdb381d8-edf9-5208-849a-10b220c35fdd",
      "value": "1k"
    }
  ],
  "groups": [
    {
      "bounding_box": {
        "bottom": 97505000,
        "left": 144245000,
        "right": 150755000,
        "top": 93971750
      },
      "drawings": [],
      "footprints": [
        "c28e397c-068f-513d-9cce-7ba0992086d6",
        "fdb381d8-edf9-5208-849a-10b220c35fdd"
      ],
      "locked": false,
      "name": "MyModule",
      "zones": [
        {
          "filled": true,
          "hatch_style": 2,
          "layer": "F.Cu",
          "locked": false,
          "min_thickness": 250000,
          "name": "",
          "net_name": "BOARD_P1",
          "points": [
            {
              "x": 146000000,
              "y": 96500000
            },
            {
              "x": 149000000,
              "y": 96500000
            },
            {
              "x": 149000000,
              "y": 95250000
            },
            {
              "x": 146000000,
              "y": 95250000
            }
          ]
        }
      ]
    }
  ],
  "zones": []
}
