---
source: pcb-route-native/tests/grid_snapshot.rs
assertion_line: 29
expression: grid.to_ascii()
---
......................
......................
......................
......................
......................
.....oo...............
.....oo...............
......................
......................
......................
...............oo.....
...............oo.....
......................
......................
......................
......................
......................

