---
source: crates/pcb-eda/tests/test_extends.rs
expression: symbols
---
- - BaseComponent
  - name: BaseComponent
    extends: ~
    footprint: SOIC-8
    in_bom: true
    pins:
      - name: VCC
        number: "1"
      - name: GND
        number: "2"
    mpn: ~
    manufacturer: Generic Corp
    datasheet_url: ~
    description: ~
    distributors:
      Mouser:
        part_number: 123-456
        url: "https://mouser.com/123-456"
    properties:
      Footprint: SOIC-8
      Manufacturer_Name: Generic Corp
      Mouser Part Number: 123-456
      Mouser Price/Stock: "https://mouser.com/123-456"
    raw_sexp:
      List:
        - Symbol: symbol
        - String: BaseComponent
        - List:
            - Symbol: in_bom
            - Symbol: "yes"
        - List:
            - Symbol: property
            - String: Footprint
            - String: SOIC-8
            - List:
                - Symbol: at
                - Symbol: "0"
                - Symbol: "0"
                - Symbol: "0"
        - List:
            - Symbol: property
            - String: Manufacturer_Name
            - String: Generic Corp
            - List:
                - Symbol: at
                - Symbol: "0"
                - Symbol: "0"
                - Symbol: "0"
        - List:
            - Symbol: property
            - String: Mouser Part Number
            - String: 123-456
            - List:
                - Symbol: at
                - Symbol: "0"
                - Symbol: "0"
                - Symbol: "0"
        - List:
            - Symbol: property
            - String: Mouser Price/Stock
            - String: "https://mouser.com/123-456"
            - List:
                - Symbol: at
                - Symbol: "0"
                - Symbol: "0"
                - Symbol: "0"
        - List:
            - Symbol: symbol
            - String: BaseComponent_0_1
            - List:
                - Symbol: pin
                - Symbol: power_in
                - Symbol: line
                - List:
                    - Symbol: at
                    - Symbol: "0"
                    - Symbol: "0"
                    - Symbol: "0"
                - List:
                    - Symbol: length
                    - Symbol: "2.54"
                - List:
                    - Symbol: name
                    - String: VCC
                    - List:
                        - Symbol: effects
                        - List:
                            - Symbol: font
                            - List:
                                - Symbol: size
                                - Symbol: "1.27"
                                - Symbol: "1.27"
                - List:
                    - Symbol: number
                    - String: "1"
                    - List:
                        - Symbol: effects
                        - List:
                            - Symbol: font
                            - List:
                                - Symbol: size
                                - Symbol: "1.27"
                                - Symbol: "1.27"
            - List:
                - Symbol: pin
                - Symbol: power_in
                - Symbol: line
                - List:
                    - Symbol: at
                    - Symbol: "0"
                    - Symbol: "0"
                    - Symbol: "0"
                - List:
                    - Symbol: length
                    - Symbol: "2.54"
                - List:
                    - Symbol: name
                    - String: GND
                    - List:
                        - Symbol: effects
                        - List:
                            - Symbol: font
                            - List:
                                - Symbol: size
                                - Symbol: "1.27"
                                - Symbol: "1.27"
                - List:
                    - Symbol: number
                    - String: "2"
                    - List:
                        - Symbol: effects
                        - List:
                            - Symbol: font
                            - List:
                                - Symbol: size
                                - Symbol: "1.27"
                                - Symbol: "1.27"
- - ExtendedWithNewDistributor
  - name: ExtendedWithNewDistributor
    extends: BaseComponent
    footprint: SOIC-8
    in_bom: true
    pins:
      - name: VCC
        number: "1"
      - name: GND
        number: "2"
    mpn: ~
    manufacturer: Generic Corp
    datasheet_url: ~
    description: ~
    distributors:
      Arrow:
        part_number: ARR-789
        url: "https://arrow.com/arr-789"
      Mouser:
        part_number: 123-456
        url: "https://mouser.com/123-456"
    properties:
      Arrow Part Number: ARR-789
      Arrow Price/Stock: "https://arrow.com/arr-789"
      Footprint: SOIC-8
      Manufacturer_Name: Generic Corp
      Mouser Part Number: 123-456
      Mouser Price/Stock: "https://mouser.com/123-456"
    raw_sexp:
      List:
        - Symbol: symbol
        - String: ExtendedWithNewDistributor
        - List:
            - Symbol: in_bom
            - Symbol: "yes"
        - List:
            - Symbol: property
            - String: Footprint
            - String: SOIC-8
            - List:
                - Symbol: at
                - Symbol: "0"
                - Symbol: "0"
                - Symbol: "0"
        - List:
            - Symbol: property
            - String: Manufacturer_Name
            - String: Generic Corp
            - List:
                - Symbol: at
                - Symbol: "0"
                - Symbol: "0"
                - Symbol: "0"
        - List:
            - Symbol: property
            - String: Mouser Part Number
            - String: 123-456
            - List:
                - Symbol: at
                - Symbol: "0"
                - Symbol: "0"
                - Symbol: "0"
        - List:
            - Symbol: property
            - String: Mouser Price/Stock
            - String: "https://mouser.com/123-456"
            - List:
                - Symbol: at
                - Symbol: "0"
                - Symbol: "0"
                - Symbol: "0"
        - List:
            - Symbol: symbol
            - String: BaseComponent_0_1
            - List:
                - Symbol: pin
                - Symbol: power_in
                - Symbol: line
                - List:
                    - Symbol: at
                    - Symbol: "0"
                    - Symbol: "0"
                    - Symbol: "0"
                - List:
                    - Symbol: length
                    - Symbol: "2.54"
                - List:
                    - Symbol: name
                    - String: VCC
                    - List:
                        - Symbol: effects
                        - List:
                            - Symbol: font
                            - List:
                                - Symbol: size
                                - Symbol: "1.27"
                                - Symbol: "1.27"
                - List:
                    - Symbol: number
                    - String: "1"
                    - List:
                        - Symbol: effects
                        - List:
                            - Symbol: font
                            - List:
                                - Symbol: size
                                - Symbol: "1.27"
                                - Symbol: "1.27"
            - List:
                - Symbol: pin
                - Symbol: power_in
                - Symbol: line
                - List:
                    - Symbol: at
                    - Symbol: "0"
                    - Symbol: "0"
                    - Symbol: "0"
                - List:
                    - Symbol: length
                    - Symbol: "2.54"
                - List:
                    - Symbol: name
                    - String: GND
                    - List:
                        - Symbol: effects
                        - List:
                            - Symbol: font
                            - List:
                                - Symbol: size
                                - Symbol: "1.27"
                                - Symbol: "1.27"
                - List:
                    - Symbol: number
                    - String: "2"
                    - List:
                        - Symbol: effects
                        - List:
                            - Symbol: font
                            - List:
                                - Symbol: size
                                - Symbol: "1.27"
                                - Symbol: "1.27"
        - List:
            - Symbol: property
            - String: Arrow Part Number
            - String: ARR-789
            - List:
                - Symbol: at
                - Symbol: "0"
                - Symbol: "0"
                - Symbol: "0"
        - List:
            - Symbol: property
            - String: Arrow Price/Stock
            - String: "https://arrow.com/arr-789"
            - List:
                - Symbol: at
                - Symbol: "0"
                - Symbol: "0"
                - Symbol: "0"
- - ExtendedWithOverride
  - name: ExtendedWithOverride
    extends: BaseComponent
    footprint: TQFP-32
    in_bom: true
    pins:
      - name: VCC
        number: "1"
      - name: GND
        number: "2"
    mpn: ~
    manufacturer: Generic Corp
    datasheet_url: ~
    description: ~
    distributors:
      Mouser:
        part_number: 999-888
        url: "https://mouser.com/123-456"
    properties:
      Footprint: TQFP-32
      Manufacturer_Name: Generic Corp
      Mouser Part Number: 999-888
      Mouser Price/Stock: "https://mouser.com/123-456"
    raw_sexp:
      List:
        - Symbol: symbol
        - String: ExtendedWithOverride
        - List:
            - Symbol: in_bom
            - Symbol: "yes"
        - List:
            - Symbol: property
            - String: Manufacturer_Name
            - String: Generic Corp
            - List:
                - Symbol: at
                - Symbol: "0"
                - Symbol: "0"
                - Symbol: "0"
        - List:
            - Symbol: property
            - String: Mouser Price/Stock
            - String: "https://mouser.com/123-456"
            - List:
                - Symbol: at
                - Symbol: "0"
                - Symbol: "0"
                - Symbol: "0"
        - List:
            - Symbol: symbol
            - String: BaseComponent_0_1
            - List:
                - Symbol: pin
                - Symbol: power_in
                - Symbol: line
                - List:
                    - Symbol: at
                    - Symbol: "0"
                    - Symbol: "0"
                    - Symbol: "0"
                - List:
                    - Symbol: length
                    - Symbol: "2.54"
                - List:
                    - Symbol: name
                    - String: VCC
                    - List:
                        - Symbol: effects
                        - List:
                            - Symbol: font
                            - List:
                                - Symbol: size
                                - Symbol: "1.27"
                                - Symbol: "1.27"
                - List:
                    - Symbol: number
                    - String: "1"
                    - List:
                        - Symbol: effects
                        - List:
                            - Symbol: font
                            - List:
                                - Symbol: size
                                - Symbol: "1.27"
                                - Symbol: "1.27"
            - List:
                - Symbol: pin
                - Symbol: power_in
                - Symbol: line
                - List:
                    - Symbol: at
                    - Symbol: "0"
                    - Symbol: "0"
                    - Symbol: "0"
                - List:
                    - Symbol: length
                    - Symbol: "2.54"
                - List:
                    - Symbol: name
                    - String: GND
                    - List:
                        - Symbol: effects
                        - List:
                            - Symbol: font
                            - List:
                                - Symbol: size
                                - Symbol: "1.27"
                                - Symbol: "1.27"
                - List:
                    - Symbol: number
                    - String: "2"
                    - List:
                        - Symbol: effects
                        - List:
                            - Symbol: font
                            - List:
                                - Symbol: size
                                - Symbol: "1.27"
                                - Symbol: "1.27"
        - List:
            - Symbol: property
            - String: Footprint
            - String: TQFP-32
            - List:
                - Symbol: at
                - Symbol: "0"
                - Symbol: "0"
                - Symbol: "0"
        - List:
            - Symbol: property
            - String: Mouser Part Number
            - String: 999-888
            - List:
                - Symbol: at
                - Symbol: "0"
                - Symbol: "0"
                - Symbol: "0"
